  ok   K1 flat-limit gate H->0: Im Sigma_R(H->0) = -3*omega**4/(1280*pi) = -3 omega^4/1280pi (the certified flat coefficient) -- the binding input reduces correctly
Traceback (most recent call last):
  File "/Library/Frameworks/Python.framework/Versions/3.15/lib/python3.15/site-packages/sympy/polys/polyutils.py", line 231, in _parallel_dict_from_expr_if_gens
    monom[indices[base]] = exp
          ~~~~~~~^^^^^^
KeyError: 1/omega

During handling of the above exception, another exception occurred:

Traceback (most recent call last):
  File "/Users/mpg/Desktop/grut physics testing /calc/t3_08a_two_time_structure.py", line 112, in <module>
    poly = sp.Poly(sp.expand(ImSig * 1280 * sp.pi), om, ub, H)
  File "/Library/Frameworks/Python.framework/Versions/3.15/lib/python3.15/site-packages/sympy/polys/polytools.py", line 190, in __new__
    return cls._from_expr(rep, opt)
           ~~~~~~~~~~~~~~^^^^^^^^^^
  File "/Library/Frameworks/Python.framework/Versions/3.15/lib/python3.15/site-packages/sympy/polys/polytools.py", line 319, in _from_expr
    rep, opt = _dict_from_expr(rep, opt)
               ~~~~~~~~~~~~~~~^^^^^^^^^^
  File "/Library/Frameworks/Python.framework/Versions/3.15/lib/python3.15/site-packages/sympy/polys/polyutils.py", line 388, in _dict_from_expr
    rep, gens = _dict_from_expr_if_gens(expr, opt)
                ~~~~~~~~~~~~~~~~~~~~~~~^^^^^^^^^^^
  File "/Library/Frameworks/Python.framework/Versions/3.15/lib/python3.15/site-packages/sympy/polys/polyutils.py", line 327, in _dict_from_expr_if_gens
    (poly,), gens = _parallel_dict_from_expr_if_gens((expr,), opt)
                    ~~~~~~~~~~~~~~~~~~~~~~~~~~~~~~~~^^^^^^^^^^^^^^
  File "/Library/Frameworks/Python.framework/Versions/3.15/lib/python3.15/site-packages/sympy/polys/polyutils.py", line 236, in _parallel_dict_from_expr_if_gens
    raise PolynomialError("%s contains an element of "
                          "the set of generators." % factor)
sympy.polys.polyerrors.PolynomialError: omega**(-2) contains an element of the set of generators.
