L: load cache; restate the failed C2 record verbatim
  ok   L1 C2 fail record preserved: the T3-05 C2 FAIL is loaded verbatim as the starting record: the H^4 cone coefficient is u_b-free (same gate as the frozen H^2 sector) -- the Wigner-frame convention is under control at H^4
M1: raw H^4 integrand (pre-cone-split) u_b content
  -- raw H^4 sector: 3030 additive terms, 2934 carry u_b
  ok   M1a u_b-dependence is pre-cone-split algebra: 2934/3030 raw H^4 integrand terms carry u_b -- the dependence enters in the ASSEMBLY algebra, before any cone splitting
M2: frozen _HKILL interaction (visibility vs existence)
  ok   M2a frozen builder deleted the whole H^4 sector: under the frozen order-3 _HKILL the entire H^4 sector (including all u_b terms) is deleted BEFORE caching: the u_b dependence was present in the assembled algebra but INVISIBLE to the frozen run
  ok   M2b u_b terms are H^4-coefficient algebra: all 2934 u_b-carrying terms live inside the already-extracted H^4 coefficient (H-powers present: [0]): they were GENERATED by the assembly as H^4 algebra, and the degree-7 extension changed VISIBILITY (Delta-degree cap), not existence
M3: H^4 cone branch map
  ok   M3a no stray phases: cone split complete; the two canonical branches carry rD = -2 / +2 with rb = 0 content as in T3-05 (full key map in M3)
  -- branch (rD=-2, rb=0): 308 terms, u_b PRESENT
  -- branch (rD=2, rb=0): 308 terms, u_b PRESENT
  ok   M3b u_b localized to identified branches: 2 cone branches total; u_b present in 2 of them
M4: per-branch A_{2,j} attribution (j = 0, 2, 4)
  -- rD=-2,rb=0: u_b^0: (-63*pi*d**10*omega**d + 532*pi*d**9*omega**d - 2465*pi*d**8, u_b^2: (189*pi*d**8*omega**d + 147*pi*d**7*omega**d - 4878*pi*d**6*, u_b^4: (-63*pi*d**6*omega*omega**d - 378*pi*d**5*omega*omega**d + 5
  -- rD=2,rb=0: u_b^0: (5751*pi*d**10*omega**d + 28068*pi*d**9*omega**d - 108303*pi, u_b^2: (-17253*pi*d**8*omega**d - 125451*pi*d**7*omega**d + 35334*p, u_b^4: (5751*pi*d**6*omega*omega**d + 32562*pi*d**5*omega*omega**d 
  -- assembled A2 decomposition: A20=(-63*pi*d**10*omega**d + 532*pi*d**9*omega**d - 2465*pi*d**8*omega**d - 22732*pi*d**7*omega**d + 177103*pi*d**6*omega**d - 95768*pi*d**5*omega**d - 1814451*pi*d**4*omega**d + 4450784*pi*d**3*omega**d - 3256508*pi*d**2*omega**d + 2969328*pi*d*omega**d - 2572416*pi*omega**d)/(4096*2**(2*d)*pi**(d/2)*d**2*omega**3*gamma(d/2 + 4) - 8192*2**(2*d)*pi**(d/2)*d*omega**3*gamma(d/2 + 4) + 4096*2**(2*d)*pi**(d/2)*omega**3*gamma(d/2 + 4)), A22=(189*pi*d**8*omega**d + 147*pi*d**7*omega**d - 4878*pi*d**6*omega**d + 16740*pi*d**5*omega**d + 39195*pi*d**4*omega**d - 214695*pi*d**3*omega**d + 161838*pi*d**2*omega**d - 128568*pi*d*omega**d + 143136*pi*omega**d)/(512*2**(2*d)*pi**(d/2)*d**2*omega*gamma(d/2 + 4) - 1024*2**(2*d)*pi**(d/2)*d*omega*gamma(d/2 + 4) + 512*2**(2*d)*pi**(d/2)*omega*gamma(d/2 + 4)), A24=(-63*pi*d**6*omega*omega**d - 378*pi*d**5*omega*omega**d + 588*pi*d**4*omega*omega**d + 3360*pi*d**3*omega*omega**d - 3297*pi*d**2*omega*omega**d + 1806*pi*d*omega*omega**d - 3528*pi*omega*omega**d)/(256*2**(2*d)*pi**(d/2)*d**2*gamma(d/2 + 4) - 512*2**(2*d)*pi**(d/2)*d*gamma(d/2 + 4) + 256*2**(2*d)*pi**(d/2)*gamma(d/2 + 4))
  FAIL M4a A2 matches the T3-05 C2 expression: assembled A2 == (-18 w^4 u_b^4 + 220 w^2 u_b^2 - 127)/(1280 pi): the T3-05 starting record is reproduced exactly
  FAIL M4b branch sum == assembled object: sum of per-branch A_{2,j} equals the assembled A_{2,j} (no cross-branch cancellation of u_b terms)
M5: Delta-degree of u_b-dependent cone content (extension reach)
  -- Delta degrees -- u_b-free terms: [0, 1, 2, 3, 4]; u_b-carrying terms: [0, 1, 2]
  ok   M5 degree attribution recorded: u_b-carrying cone terms span Delta degrees [0, 1, 2]: degrees [0, 1, 2] were within the frozen degree-3 cap, degrees [] became processable only after the 3->7 extension

T3-05A: 7/9 checks pass
classification: CORRELATED: u_b dependence spread across all branches.
result written: /Users/mpg/Desktop/grut testing/calc/T3_05A_UB_ATTRIBUTION_RESULT.json
