--- nx=120, dt=0.001 ---
 t=0.5: P0: m=5.204149e-18, var=9.600462e-01, k3=-1.846e-17
        P1 gamma1: 4:-5.571e-06 8:-2.785e-06 16:-1.393e-06 32:-6.963e-07 64:-3.482e-07 128:-1.741e-07
 t=0.25: P0: m=9.842056e-23, var=1.234753e+00, k3=-1.388e-17
        P1 gamma1: 4:-8.221e-08 8:-4.110e-08 16:-2.055e-08 32:-1.028e-08 64:-5.138e-09 128:-2.569e-09
 t=0.75: P0: m=-8.673562e-19, var=5.623092e-01, k3=4.933e-18
        P1 gamma1: 4:-4.781e-05 8:-2.391e-05 16:-1.195e-05 32:-5.976e-06 64:-2.988e-06 128:-1.494e-06
 t=1.0: P0: m=8.673593e-19, var=3.458460e-01, k3=1.160e-18
        P1 gamma1: 4:-4.115e-04 8:-2.057e-04 16:-1.029e-04 32:-5.144e-05 64:-2.572e-05 128:-1.286e-05
--- nx=120, dt=0.0005 ---
 t=0.5: P0: m=-5.204207e-18, var=9.600462e-01, k3=1.846e-17
        P1 gamma1: 4:-5.571e-06 8:-2.785e-06 16:-1.393e-06 32:-6.963e-07 64:-3.482e-07 128:-1.741e-07
 t=0.25: P0: m=3.469437e-18, var=1.234753e+00, k3=-2.443e-18
        P1 gamma1: 4:-8.221e-08 8:-4.110e-08 16:-2.055e-08 32:-1.028e-08 64:-5.138e-09 128:-2.569e-09
 t=0.75: P0: m=-4.582570e-23, var=5.623092e-01, k3=-1.735e-18
        P1 gamma1: 4:-4.781e-05 8:-2.391e-05 16:-1.195e-05 32:-5.976e-06 64:-2.988e-06 128:-1.494e-06
 t=1.0: P0: m=-4.336905e-19, var=3.458460e-01, k3=1.100e-18
        P1 gamma1: 4:-4.115e-04 8:-2.057e-04 16:-1.029e-04 32:-5.144e-05 64:-2.572e-05 128:-1.286e-05
--- nx=120, dt=0.00025 ---
 t=0.5: P0: m=-2.032557e-23, var=9.600462e-01, k3=6.670e-23
        P1 gamma1: 4:-5.571e-06 8:-2.785e-06 16:-1.393e-06 32:-6.963e-07 64:-3.482e-07 128:-1.741e-07
 t=0.25: P0: m=4.825485e-23, var=1.234753e+00, k3=6.938e-18
        P1 gamma1: 4:-8.221e-08 8:-4.110e-08 16:-2.055e-08 32:-1.028e-08 64:-5.138e-09 128:-2.569e-09
 t=0.75: P0: m=8.673464e-19, var=5.623092e-01, k3=-2.331e-18
        P1 gamma1: 4:-4.781e-05 8:-2.391e-05 16:-1.195e-05 32:-5.976e-06 64:-2.988e-06 128:-1.494e-06
 t=1.0: P0: m=-8.673821e-19, var=3.458460e-01, k3=2.635e-18
        P1 gamma1: 4:-4.115e-04 8:-2.057e-04 16:-1.029e-04 32:-5.144e-05 64:-2.572e-05 128:-1.286e-05
--- nx=240, dt=0.001 ---
 t=0.5: P0: m=4.228200e-18, var=9.600462e-01, k3=-2.486e-17
        P1 gamma1: 4:-5.571e-06 8:-2.785e-06 16:-1.393e-06 32:-6.963e-07 64:-3.482e-07 128:-1.741e-07
 t=0.25: P0: m=2.493645e-18, var=1.234753e+00, k3=-1.105e-18
        P1 gamma1: 4:-8.221e-08 8:-4.110e-08 16:-2.055e-08 32:-1.028e-08 64:-5.138e-09 128:-2.569e-09
 t=0.75: P0: m=-4.391047e-18, var=5.623092e-01, k3=7.651e-18
        P1 gamma1: 4:-4.781e-05 8:-2.391e-05 16:-1.195e-05 32:-5.976e-06 64:-2.988e-06 128:-1.494e-06
 t=1.0: P0: m=1.382300e-18, var=3.458460e-01, k3=-2.450e-18
        P1 gamma1: 4:-4.115e-04 8:-2.057e-04 16:-1.029e-04 32:-5.144e-05 64:-2.572e-05 128:-1.286e-05
--- nx=240, dt=0.0005 ---
 t=0.5: P0: m=-7.589290e-19, var=9.600462e-01, k3=-7.413e-19
        P1 gamma1: 4:-5.571e-06 8:-2.785e-06 16:-1.393e-06 32:-6.963e-07 64:-3.482e-07 128:-1.741e-07
 t=0.25: P0: m=-4.228437e-18, var=1.234753e+00, k3=1.957e-17
        P1 gamma1: 4:-8.221e-08 8:-4.110e-08 16:-2.055e-08 32:-1.028e-08 64:-5.138e-09 128:-2.569e-09
 t=0.75: P0: m=3.306843e-18, var=5.623092e-01, k3=-4.006e-18
        P1 gamma1: 4:-4.781e-05 8:-2.391e-05 16:-1.195e-05 32:-5.976e-06 64:-2.988e-06 128:-1.494e-06
 t=1.0: P0: m=4.092940e-18, var=3.458460e-01, k3=-5.072e-18
        P1 gamma1: 4:-4.115e-04 8:-2.057e-04 16:-1.029e-04 32:-5.144e-05 64:-2.572e-05 128:-1.286e-05
--- nx=240, dt=0.00025 ---
 t=0.5: P0: m=-1.891930e-17, var=9.600462e-01, k3=3.866e-17
        P1 gamma1: 4:-5.571e-06 8:-2.785e-06 16:-1.393e-06 32:-6.963e-07 64:-3.482e-07 128:-1.741e-07
 t=0.25: P0: m=5.421691e-19, var=1.234753e+00, k3=7.811e-17
        P1 gamma1: 4:-8.221e-08 8:-4.110e-08 16:-2.055e-08 32:-1.028e-08 64:-5.138e-09 128:-2.569e-09
 t=0.75: P0: m=2.709675e-19, var=5.623092e-01, k3=1.711e-18
        P1 gamma1: 4:-4.781e-05 8:-2.391e-05 16:-1.195e-05 32:-5.976e-06 64:-2.988e-06 128:-1.494e-06
 t=1.0: P0: m=-2.764743e-18, var=3.458460e-01, k3=3.134e-18
        P1 gamma1: 4:-4.115e-04 8:-2.057e-04 16:-1.029e-04 32:-5.144e-05 64:-2.572e-05 128:-1.286e-05
--- nx=480, dt=0.001 ---
 t=0.5: P0: m=5.556483e-18, var=9.600462e-01, k3=-2.051e-17
        P1 gamma1: 4:-5.571e-06 8:-2.785e-06 16:-1.393e-06 32:-6.963e-07 64:-3.482e-07 128:-1.741e-07
 t=0.25: P0: m=-1.081831e-17, var=1.234753e+00, k3=3.738e-17
        P1 gamma1: 4:-8.221e-08 8:-4.110e-08 16:-2.055e-08 32:-1.028e-08 64:-5.138e-09 128:-2.569e-09
 t=0.75: P0: m=9.308914e-18, var=5.623092e-01, k3=-1.669e-17
        P1 gamma1: 4:-4.781e-05 8:-2.391e-05 16:-1.195e-05 32:-5.976e-06 64:-2.988e-06 128:-1.494e-06
 t=1.0: P0: m=-9.741454e-19, var=3.458460e-01, k3=1.831e-19
        P1 gamma1: 4:-4.115e-04 8:-2.057e-04 16:-1.029e-04 32:-5.144e-05 64:-2.572e-05 128:-1.286e-05
--- nx=480, dt=0.0005 ---
 t=0.5: P0: m=-2.076891e-18, var=9.600462e-01, k3=4.461e-18
        P1 gamma1: 4:-5.571e-06 8:-2.785e-06 16:-1.393e-06 32:-6.963e-07 64:-3.482e-07 128:-1.741e-07
 t=0.25: P0: m=5.817362e-18, var=1.234753e+00, k3=-2.115e-17
        P1 gamma1: 4:-8.221e-08 8:-4.110e-08 16:-2.055e-08 32:-1.028e-08 64:-5.138e-09 128:-2.569e-09
 t=0.75: P0: m=1.380720e-18, var=5.623092e-01, k3=-8.383e-19
        P1 gamma1: 4:-4.781e-05 8:-2.391e-05 16:-1.195e-05 32:-5.976e-06 64:-2.988e-06 128:-1.494e-06
 t=1.0: P0: m=1.192581e-18, var=3.458460e-01, k3=-1.204e-18
        P1 gamma1: 4:-4.115e-04 8:-2.057e-04 16:-1.029e-04 32:-5.144e-05 64:-2.572e-05 128:-1.286e-05
--- nx=480, dt=0.00025 ---
 t=0.5: P0: m=-8.856493e-18, var=9.600462e-01, k3=2.745e-17
        P1 gamma1: 4:-5.571e-06 8:-2.785e-06 16:-1.393e-06 32:-6.963e-07 64:-3.482e-07 128:-1.741e-07
 t=0.25: P0: m=-1.208204e-17, var=1.234753e+00, k3=4.072e-17
        P1 gamma1: 4:-8.221e-08 8:-4.110e-08 16:-2.055e-08 32:-1.028e-08 64:-5.138e-09 128:-2.569e-09
 t=0.75: P0: m=-8.811541e-20, var=5.623092e-01, k3=-4.185e-18
        P1 gamma1: 4:-4.781e-05 8:-2.391e-05 16:-1.195e-05 32:-5.976e-06 64:-2.988e-06 128:-1.494e-06
 t=1.0: P0: m=6.437831e-19, var=3.458460e-01, k3=3.491e-19
        P1 gamma1: 4:-4.115e-04 8:-2.057e-04 16:-1.029e-04 32:-5.144e-05 64:-2.572e-05 128:-1.286e-05
saved v3_r1_results.json
