--- nx120_dt0.001 ---
  P0 var: t=0:0.46791992 t=0.25:0.46791991 t=0.5:0.46791991 t=0.75:0.46791991 t=1.0:0.46791991
  P0 var drift: 1.189e-08  k3 max: 7.792e-17  mean max: 5.551e-17
  Gibbs identity res: 4.441e-16
  1D check: m2=0.4679199170 m4=0.5320800830 m6=0.8716796679
  P1 gamma1 at t*=0.5: 4:-5.3383e-06 8:-2.6691e-06 16:-1.3346e-06 32:-6.6729e-07 64:-3.3364e-07 128:-1.6682e-07
  Odd-eps: nb4:sum=-2.78e-17 nb16:sum=2.78e-17
--- nx120_dt0.0005 ---
  P0 var: t=0:0.46791992 t=0.25:0.46791991 t=0.5:0.46791991 t=0.75:0.46791991 t=1.0:0.46791991
  P0 var drift: 1.189e-08  k3 max: 7.792e-17  mean max: 5.551e-17
  Gibbs identity res: 4.441e-16
  1D check: m2=0.4679199170 m4=0.5320800830 m6=0.8716796679
  P1 gamma1 at t*=0.5: 4:-5.3383e-06 8:-2.6691e-06 16:-1.3346e-06 32:-6.6729e-07 64:-3.3364e-07 128:-1.6682e-07
  Odd-eps: nb4:sum=-3.89e-17 nb16:sum=3.90e-17
--- nx120_dt0.00025 ---
  P0 var: t=0:0.46791992 t=0.25:0.46791991 t=0.5:0.46791991 t=0.75:0.46791991 t=1.0:0.46791991
  P0 var drift: 1.189e-08  k3 max: 7.792e-17  mean max: 5.551e-17
  Gibbs identity res: 4.441e-16
  1D check: m2=0.4679199170 m4=0.5320800830 m6=0.8716796679
  P1 gamma1 at t*=0.5: 4:-5.3383e-06 8:-2.6691e-06 16:-1.3346e-06 32:-6.6729e-07 64:-3.3364e-07 128:-1.6682e-07
  Odd-eps: nb4:sum=-3.89e-17 nb16:sum=-9.45e-17
--- nx240_dt0.001 ---
  P0 var: t=0:0.46791992 t=0.25:0.46791991 t=0.5:0.46791991 t=0.75:0.46791991 t=1.0:0.46791991
  P0 var drift: 1.189e-08  k3 max: 5.551e-17  mean max: 6.939e-18
  Gibbs identity res: 6.661e-16
  1D check: m2=0.4679199170 m4=0.5320800830 m6=0.8716796679
  P1 gamma1 at t*=0.5: 4:-5.3383e-06 8:-2.6691e-06 16:-1.3346e-06 32:-6.6729e-07 64:-3.3364e-07 128:-1.6682e-07
  Odd-eps: nb4:sum=6.67e-17 nb16:sum=3.90e-17
--- nx240_dt0.0005 ---
  P0 var: t=0:0.46791992 t=0.25:0.46791991 t=0.5:0.46791991 t=0.75:0.46791991 t=1.0:0.46791991
  P0 var drift: 1.189e-08  k3 max: 7.792e-17  mean max: 5.551e-17
  Gibbs identity res: 6.661e-16
  1D check: m2=0.4679199170 m4=0.5320800830 m6=0.8716796679
  P1 gamma1 at t*=0.5: 4:-5.3383e-06 8:-2.6691e-06 16:-1.3346e-06 32:-6.6729e-07 64:-3.3364e-07 128:-1.6682e-07
  Odd-eps: nb4:sum=-7.79e-17 nb16:sum=-5.55e-17
--- nx240_dt0.00025 ---
  P0 var: t=0:0.46791992 t=0.25:0.46791991 t=0.5:0.46791991 t=0.75:0.46791991 t=1.0:0.46791991
  P0 var drift: 1.189e-08  k3 max: 5.551e-17  mean max: 6.939e-18
  Gibbs identity res: 6.661e-16
  1D check: m2=0.4679199170 m4=0.5320800830 m6=0.8716796679
  P1 gamma1 at t*=0.5: 4:-5.3383e-06 8:-2.6691e-06 16:-1.3346e-06 32:-6.6729e-07 64:-3.3364e-07 128:-1.6682e-07
  Odd-eps: nb4:sum=0.00e+00 nb16:sum=-9.45e-17
--- nx480_dt0.001 ---
  P0 var: t=0:0.46791992 t=0.25:0.46791991 t=0.5:0.46791991 t=0.75:0.46791991 t=1.0:0.46791991
  P0 var drift: 1.189e-08  k3 max: 3.469e-18  mean max: 0.000e+00
  Gibbs identity res: 6.661e-16
  1D check: m2=0.4679199170 m4=0.5320800830 m6=0.8716796679
  P1 gamma1 at t*=0.5: 4:-5.3383e-06 8:-2.6691e-06 16:-1.3346e-06 32:-6.6729e-07 64:-3.3364e-07 128:-1.6682e-07
  Odd-eps: nb4:sum=-2.78e-17 nb16:sum=2.71e-20
--- nx480_dt0.0005 ---
  P0 var: t=0:0.46791992 t=0.25:0.46791991 t=0.5:0.46791991 t=0.75:0.46791991 t=1.0:0.46791991
  P0 var drift: 1.189e-08  k3 max: 2.776e-17  mean max: 6.939e-18
  Gibbs identity res: 6.661e-16
  1D check: m2=0.4679199170 m4=0.5320800830 m6=0.8716796679
  P1 gamma1 at t*=0.5: 4:-5.3383e-06 8:-2.6691e-06 16:-1.3346e-06 32:-6.6729e-07 64:-3.3364e-07 128:-1.6682e-07
  Odd-eps: nb4:sum=-5.55e-17 nb16:sum=0.00e+00
--- nx480_dt0.00025 ---
