== C1 REDO: gamma1 from finite-N_B dynamics, eps=N_B^(-1/2) in the dynamics ==
(retracted run: c1_witness.json @ b5e7dde — scaling was inserted analytically)

T=0.5  (nx=240, dt=0.0005)
  N_B      gamma1_F        N_B*gamma1      sqrt(N_B)*gamma1
      4  -5.338286e-06  -2.135314e-05  -1.067657e-05
      8  -2.669143e-06  -2.135314e-05  -7.549477e-06
     16  -1.334572e-06  -2.135314e-05  -5.338286e-06
     32  -6.672858e-07  -2.135314e-05  -3.774738e-06
     64  -3.336429e-07  -2.135314e-05  -2.669143e-06
    128  -1.668214e-07  -2.135314e-05  -1.887369e-06
  scaling exponent p (global) = 1.000000   local = [1.0, 1.0, 1.0, 1.0, 1.0]
  N_B*gamma1 rel spread = 1.748e-10

T=0.25  (nx=240, dt=0.0005)
  N_B      gamma1_F        N_B*gamma1      sqrt(N_B)*gamma1
      4  -4.747168e-08  -1.898867e-07  -9.494335e-08
      8  -2.373584e-08  -1.898867e-07  -6.713509e-08
     16  -1.186792e-08  -1.898867e-07  -4.747168e-08
     32  -5.933960e-09  -1.898867e-07  -3.356755e-08
     64  -2.966980e-09  -1.898867e-07  -2.373584e-08
    128  -1.483490e-09  -1.898867e-07  -1.678377e-08
  scaling exponent p (global) = 1.000000   local = [1.0, 1.0, 1.0, 1.0, 1.0]
  N_B*gamma1 rel spread = 1.773e-08

T=0.75  (nx=240, dt=0.0005)
  N_B      gamma1_F        N_B*gamma1      sqrt(N_B)*gamma1
      4  -7.667415e-05  -3.066966e-04  -1.533483e-04
      8  -3.833707e-05  -3.066966e-04  -1.084336e-04
     16  -1.916854e-05  -3.066966e-04  -7.667415e-05
     32  -9.584269e-06  -3.066966e-04  -5.421681e-05
     64  -4.792134e-06  -3.066966e-04  -3.833707e-05
    128  -2.396067e-06  -3.066966e-04  -2.710841e-05
  scaling exponent p (global) = 1.000000   local = [1.0, 1.0, 1.0, 1.0, 1.0]
  N_B*gamma1 rel spread = 7.060e-09

T=1.0  (nx=240, dt=0.0005)
  N_B      gamma1_F        N_B*gamma1      sqrt(N_B)*gamma1
      4  -4.641908e-04  -1.856763e-03  -9.283816e-04
      8  -2.320954e-04  -1.856763e-03  -6.564649e-04
     16  -1.160477e-04  -1.856763e-03  -4.641908e-04
     32  -5.802385e-05  -1.856763e-03  -3.282324e-04
     64  -2.901192e-05  -1.856763e-03  -2.320954e-04
    128  -1.450596e-05  -1.856763e-03  -1.641162e-04
  scaling exponent p (global) = 1.000000   local = [1.0, 1.0, 1.0, 1.0, 1.0]
  N_B*gamma1 rel spread = 1.366e-07

odd-epsilon control (kappa3 odd in eps): {'4': {'k3_plus': -3.4173473668316787e-06, 'k3_minus': 3.417347366753779e-06, 'sum': -7.789992609308349e-17, 'ratio': -0.9999999999772046}, '16': {'k3_plus': -1.7086736842479398e-06, 'k3_minus': 1.7086736841924015e-06, 'sum': -5.553825628556996e-17, 'ratio': -0.9999999999674962}}
Gibbs identity residual: 6.661e-16
runtime: 766s
