
=== G0: NORMALISATION TABLE (gated explicitly, not inherited) ===
  ok   [G0] G0 row 1: S = (1/2) Int C (h')^2 through the engine: K~ = om^2 C(0) + (1/4)C''(0) = om^2 + c2/2 (both placements); the correction alone is (1/4)C'' = c2/2
  ok   [G0] G0 row 2: S = Int C (h')^2 through the engine: K~ = 2 om^2 C(0) + (1/2)C''(0) = 2 om^2 + c2; the correction alone is (1/2)C'' = c2 -- EXACTLY TWICE row 1
  ok   [G0] G0 OP1 correspondence: S = Int a^2 (phi')^2 -> correction = 2*2/2 H^2 (the 2026-08-27 diagnostic's OP1 figure, no-1/2 row, through the engine)
  ok   [G0] G0 OP1 correspondence: S = Int a^3 (phi')^2 -> correction = 3*3/2 H^2 (the 2026-08-27 diagnostic's OP1 figure, no-1/2 row, through the engine)
  ok   [G0] G0 assertion wired: all four operators' actions carry the Int-row (no 1/2); the engine is linear in the action normalisation (factor 2 end-to-end)

=== G3: TOY AGREEMENT (the generalised machinery restricted to the toy) ===
  ok   [G3] G3: toy master identity F_B - F_A = (1/4)C''(0) = c2/2 (additive, om-independent)
  ok   [G3] G3: the engine's r-slot lever structure == the toy's registered slots C^{(r)}(0)(1/2)^r/r! (u1_pow lever arms; the C'-pairing on the l=1 slots)
  ok   [G3] G3: second centre u_c = 1/3: K~ = om^2 C(1/3) + (1/4)C''(1/3), both placements (centre dependence verified, not inferred)
  ok   [G3] G3: the Delta-space slots are -C(0) dd''(Delta) [slot (0,0,2)] and C''(0)/8 dd [slot (0,2,2)] -- the distributional structure -C dd'' + (1/4)C'' dd is preserved EXPLICITLY

=== G1 (scalar part): IBP INVARIANCE AT THE ACTION LEVEL ===
  ok   [G1] G1: Int C h h' and -(1/2) Int C' h^2 (differing by a total derivative) give the IDENTICAL action-functional kernel, both placements -- IBP invariance at the Hessian/distribution level, BEFORE any omega/K evaluation
  ok   [G1] G1: the total-derivative density d/du[C h1 h2] gives the IDENTICALLY ZERO kernel (both placements) -- the Hessian of a boundary term vanishes
  ok   [G1] G1 contrast (computed, not asserted): the OLD coincident-density construction is NOT IBP-invariant on the same pair (Int C hh' -> 0 vs -(1/2)Int C'h^2 -> -C'(0)) -- the defect the rebuild removes

=== STEP C: SPLIT-FREQUENCY SECTOR-GRADED CASCADE (the B-table machinery) ===
   [block] metric+inverse:     1.2s
   [block] sqrt(-g):     1.1s
   [block] christoffels:     6.5s
   [block] ricci:    12.2s
   [block] scalar curvature:     5.4s
   [block] Lam/EH/R2 densities:     5.2s
   [block] Rmn2 density:    51.5s
[82.4s] cascade done

== Lam == structures: [(0, 0)]
  H1 corr symbolic==0: True | at om=3==0: True
  H2 corr at om=3==0: True
  odd-only H1 corr == full: True
  even-only H1 corr == 0  : True
  ctl  A: sameH0=True diffH1=False diffH2=False
  ctl  B: sameH0=True diffH1=False diffH2=False
  ctl  C: sameH0=True diffH1=False diffH2=False
  ctl Cp: sameH0=True diffH1=False diffH2=False
  ctl  D: sameH0=True diffH1=False diffH2=False
  conj: sameH0=True diffH1=False diffH2=False

== EH == structures: [(0, 0), (0, 1), (0, 2), (1, 0), (1, 1), (2, 0)]
  H1 corr symbolic==0: False | at om=3==0: False
  H2 corr at om=3==0: False
  odd-only H1 corr == full: False
  even-only H1 corr == 0  : False
  odd structure with u-dependent O(H) coeff: (0, 1)
  odd structure with u-dependent O(H) coeff: (1, 0)
  ctl  A: sameH0=True diffH1=True diffH2=True
  ctl  B: sameH0=True diffH1=True diffH2=True
  ctl  C: sameH0=True diffH1=True diffH2=True
  ctl Cp: sameH0=True diffH1=True diffH2=True
  ctl  D: sameH0=False diffH1=True diffH2=True
  conj: sameH0=False diffH1=True diffH2=False

== R2 == structures: [(0, 0), (0, 1), (0, 2), (1, 0), (1, 1), (1, 2), (2, 0), (2, 1), (2, 2)]
  H1 corr symbolic==0: True | at om=3==0: True
  H2 corr at om=3==0: False
  odd-only H1 corr == full: True
  even-only H1 corr == 0  : True
  ctl  A: sameH0=True diffH1=False diffH2=True
  ctl  B: sameH0=True diffH1=False diffH2=True
  ctl  C: sameH0=True diffH1=False diffH2=True
  ctl Cp: sameH0=True diffH1=False diffH2=True
  ctl  D: sameH0=False diffH1=True diffH2=True
  conj: sameH0=False diffH1=True diffH2=True

== Rmn2 == structures: [(0, 0), (0, 1), (0, 2), (1, 0), (1, 1), (1, 2), (2, 0), (2, 1), (2, 2)]
  H1 corr symbolic==0: True | at om=3==0: True
  H2 corr at om=3==0: False
  odd-only H1 corr == full: True
  even-only H1 corr == 0  : True
  ctl  A: sameH0=True diffH1=False diffH2=True
  ctl  B: sameH0=True diffH1=False diffH2=True
  ctl  C: sameH0=True diffH1=False diffH2=True
  ctl Cp: sameH0=True diffH1=False diffH2=True
  ctl  D: sameH0=False diffH1=True diffH2=True
  conj: sameH0=False diffH1=True diffH2=True

[99.6s] diag done
