
=== G0: NORMALISATION TABLE (gated explicitly, not inherited) ===
  ok   [G0] G0 row 1: S = (1/2) Int C (h')^2 through the engine: K~ = om^2 C(0) + (1/4)C''(0) = om^2 + c2/2 (both placements); the correction alone is (1/4)C'' = c2/2
  ok   [G0] G0 row 2: S = Int C (h')^2 through the engine: K~ = 2 om^2 C(0) + (1/2)C''(0) = 2 om^2 + c2; the correction alone is (1/2)C'' = c2 -- EXACTLY TWICE row 1
  ok   [G0] G0 OP1 correspondence: S = Int a^2 (phi')^2 -> correction = 2*2/2 H^2 (the 2026-08-27 diagnostic's OP1 figure, no-1/2 row, through the engine)
  ok   [G0] G0 OP1 correspondence: S = Int a^3 (phi')^2 -> correction = 3*3/2 H^2 (the 2026-08-27 diagnostic's OP1 figure, no-1/2 row, through the engine)
  ok   [G0] G0 assertion wired: all four operators' actions carry the Int-row (no 1/2); the engine is linear in the action normalisation (factor 2 end-to-end)

=== G3: TOY AGREEMENT (the generalised machinery restricted to the toy) ===
  ok   [G3] G3: toy master identity F_B - F_A = (1/4)C''(0) = c2/2 (additive, om-independent)
  ok   [G3] G3: the engine's r-slot lever structure == the toy's registered slots C^{(r)}(0)(1/2)^r/r! (u1_pow lever arms; the C'-pairing on the l=1 slots)
  ok   [G3] G3: second centre u_c = 1/3: K~ = om^2 C(1/3) + (1/4)C''(1/3), both placements (centre dependence verified, not inferred)
  ok   [G3] G3: the Delta-space slots are -C(0) dd''(Delta) [slot (0,0,2)] and C''(0)/8 dd [slot (0,2,2)] -- the distributional structure -C dd'' + (1/4)C'' dd is preserved EXPLICITLY

=== G1 (scalar part): IBP INVARIANCE AT THE ACTION LEVEL ===
  ok   [G1] G1: Int C h h' and -(1/2) Int C' h^2 (differing by a total derivative) give the IDENTICAL action-functional kernel, both placements -- IBP invariance at the Hessian/distribution level, BEFORE any omega/K evaluation
  ok   [G1] G1: the total-derivative density d/du[C h1 h2] gives the IDENTICALLY ZERO kernel (both placements) -- the Hessian of a boundary term vanishes
  ok   [G1] G1 contrast (computed, not asserted): the OLD coincident-density construction is NOT IBP-invariant on the same pair (Int C hh' -> 0 vs -(1/2)Int C'h^2 -> -C'(0)) -- the defect the rebuild removes

=== STEP C: SPLIT-FREQUENCY SECTOR-GRADED CASCADE (the B-table machinery) ===
   [block] metric+inverse:     1.3s
   [block] sqrt(-g):     1.2s
   [block] christoffels:     6.1s
   [block] ricci:    12.1s
   [block] scalar curvature:     5.2s
   [block] Lam/EH/R2 densities:     5.2s
   [block] Rmn2 density:    48.2s
[78.6s] cascade done
tables dumped to .af_g5_tables.json

===== HERMITICITY B_pq(E,P) vs B_qp(P,E) =====
Lam: exchange check done
EH (0,1) H^0: NOT exchange-symmetric
EH (0,1) H^1: NOT exchange-symmetric
EH (0,1) H^2: NOT exchange-symmetric
EH: exchange check done
R2 (0,1) H^0: NOT exchange-symmetric
R2 (0,1) H^2: NOT exchange-symmetric
R2 (0,2) H^1: NOT exchange-symmetric
R2 (0,2) H^2: NOT exchange-symmetric
R2 (1,2) H^0: NOT exchange-symmetric
R2: exchange check done
Rmn2 (0,1) H^0: NOT exchange-symmetric
Rmn2 (0,1) H^2: NOT exchange-symmetric
Rmn2 (0,2) H^1: NOT exchange-symmetric
Rmn2 (0,2) H^2: NOT exchange-symmetric
Rmn2 (1,2) H^0: NOT exchange-symmetric
Rmn2: exchange check done

===== EH PER-STRUCTURE H^1 CORRECTIONS (master - old, per structure) =====
  (0,1): 2*I*E_00*P_03 - 2*I*E_01*P_13 - 2*I*E_02*P_23 - 2*I*E_03*P_00 + 2*I*E_03*P_11 + 2*I*E_03*P_22
  (0,2): 3*I*E_00*P_11 + 3*I*E_00*P_22 + 3*I*E_00*P_33 - 3*I*E_11*P_11 + 3*I*E_11*P_22 + 3*I*E_11*P_33 - 12*I*E_12*P_12 - 12*I*E_13*P_13 + 3*I*E_22*P_11 - 3*I*E_22*P_22 + 3*I*E_22*P_33 - 12*I*E_23*P_23 + 3*I*E_33*P_11 + 3*I*E_33*P_22 - 3*I*E_33*P_33
  (1,0): 2*I*E_00*P_03 - 2*I*E_03*P_00 - 2*I*E_11*P_03 + 2*I*E_13*P_01 - 2*I*E_22*P_03 + 2*I*E_23*P_02
  (2,0): -3*I*E_11*P_00 + 3*I*E_11*P_11 - 3*I*E_11*P_22 - 3*I*E_11*P_33 + 12*I*E_12*P_12 + 12*I*E_13*P_13 - 3*I*E_22*P_00 - 3*I*E_22*P_11 + 3*I*E_22*P_22 - 3*I*E_22*P_33 + 12*I*E_23*P_23 - 3*I*E_33*P_00 - 3*I*E_33*P_11 - 3*I*E_33*P_22 + 3*I*E_33*P_33
full EH H1 corr (om=3): 4*I*E_00*P_03 + 3*I*E_00*P_11 + 3*I*E_00*P_22 + 3*I*E_00*P_33 - 2*I*E_01*P_13 - 2*I*E_02*P_23 - 4*I*E_03*P_00 + 2*I*E_03*P_11 + 2*I*E_03*P_22 - 3*I*E_11*P_00 - 2*I*E_11*P_03 + 2*I*E_13*P_01 - 3*I*E_22*P_00 - 2*I*E_22*P_03 + 2*I*E_23*P_02 - 3*I*E_33*P_00
full EH H1 corr (symbolic): 4*I*E_00*P_03 + I*E_00*P_11*omega + I*E_00*P_22*omega + I*E_00*P_33*omega - 2*I*E_01*P_13 - 2*I*E_02*P_23 - 4*I*E_03*P_00 + 2*I*E_03*P_11 + 2*I*E_03*P_22 - I*E_11*P_00*omega - 2*I*E_11*P_03 + 2*I*E_13*P_01 - I*E_22*P_00*omega - 2*I*E_22*P_03 + 2*I*E_23*P_02 - I*E_33*P_00*omega

===== EH ODD-STRUCTURE DRESSINGS (the mechanism) =====
  (0,1) H^0: -2*I*E_00*P_03 + 2*I*E_01*P_13 + 2*I*E_02*P_23 + 2*I*E_03*P_00 - 2*I*E_03*P_11 - 2*I*E_03*P_22
  (0,1) H^1: -9*E_00*P_00/2 - 4*I*E_00*P_03*u - 3*E_00*P_11/2 - 3*E_00*P_22/2 - 3*E_00*P_33/2 + 6*E_01*P_01 + 4*I*E_01*P_13*u + 6*E_02*P_02 + 4*I*E_02*P_23*u + 4*I*E_03*P_00*u + 6*E_03*P_03 - 4*I*E_03*P_11*u - 4*I*E_03*P_22*u - 3*E_11*P_00/2 + 3*E_11*P_11/2 - 3*E_11*P_22/2 - 3*E_11*P_33/2 + 6*E_12*P_12 + 6*E_13*P_13 - 3*E_22*P_00/2 - 3*E_22*P_11/2 + 3*E_22*P_22/2 - 3*E_22*P_33/2 + 6*E_23*P_23 - 3*E_33*P_00/2 - 3*E_33*P_11/2 - 3*E_33*P_22/2 + 3*E_33*P_33/2   (u-dep: True)
  (1,0) H^0: -2*I*E_00*P_03 + 2*I*E_03*P_00 + 2*I*E_11*P_03 - 2*I*E_13*P_01 + 2*I*E_22*P_03 - 2*I*E_23*P_02
  (1,0) H^1: -9*E_00*P_00/2 - 4*I*E_00*P_03*u - 3*E_00*P_11/2 - 3*E_00*P_22/2 - 3*E_00*P_33/2 + 6*E_01*P_01 + 6*E_02*P_02 + 4*I*E_03*P_00*u + 6*E_03*P_03 - 3*E_11*P_00/2 + 4*I*E_11*P_03*u + 3*E_11*P_11/2 - 3*E_11*P_22/2 - 3*E_11*P_33/2 + 6*E_12*P_12 - 4*I*E_13*P_01*u + 6*E_13*P_13 - 3*E_22*P_00/2 + 4*I*E_22*P_03*u - 3*E_22*P_11/2 + 3*E_22*P_22/2 - 3*E_22*P_33/2 - 4*I*E_23*P_02*u + 6*E_23*P_23 - 3*E_33*P_00/2 - 3*E_33*P_11/2 - 3*E_33*P_22/2 + 3*E_33*P_33/2   (u-dep: True)

===== EH (2,0)/(0,2) DRESSINGS at O(H) (the even-pair question) =====
  (2, 0) H^1: -E_11*P_00*u + E_11*P_11*u - E_11*P_22*u - E_11*P_33*u + 4*E_12*P_12*u + 4*E_13*P_13*u - E_22*P_00*u - E_22*P_11*u + E_22*P_22*u - E_22*P_33*u + 4*E_23*P_23*u - E_33*P_00*u - E_33*P_11*u - E_33*P_22*u + E_33*P_33*u   (u-dep: True)
  (0, 2) H^1: -E_00*P_11*u - E_00*P_22*u - E_00*P_33*u + E_11*P_11*u - E_11*P_22*u - E_11*P_33*u + 4*E_12*P_12*u + 4*E_13*P_13*u - E_22*P_11*u + E_22*P_22*u - E_22*P_33*u + 4*E_23*P_23*u - E_33*P_11*u - E_33*P_22*u + E_33*P_33*u   (u-dep: True)
  (1, 1) H^1: -E_00*P_11*u - E_00*P_22*u - E_00*P_33*u - E_11*P_00*u + 2*E_11*P_11*u - E_11*P_22*u - E_11*P_33*u + 6*E_12*P_12*u + 6*E_13*P_13*u - E_22*P_00*u - E_22*P_11*u + 2*E_22*P_22*u - E_22*P_33*u + 6*E_23*P_23*u - E_33*P_00*u - E_33*P_11*u - E_33*P_22*u + 2*E_33*P_33*u   (u-dep: True)

[86.8s] done
