
=== G0: NORMALISATION TABLE (gated explicitly, not inherited) ===
  ok   [G0] G0 row 1: S = (1/2) Int C (h')^2 through the engine: K~ = om^2 C(0) + (1/4)C''(0) = om^2 + c2/2 (both placements); the correction alone is (1/4)C'' = c2/2
  ok   [G0] G0 row 2: S = Int C (h')^2 through the engine: K~ = 2 om^2 C(0) + (1/2)C''(0) = 2 om^2 + c2; the correction alone is (1/2)C'' = c2 -- EXACTLY TWICE row 1
  ok   [G0] G0 OP1 correspondence: S = Int a^2 (phi')^2 -> correction = 2*2/2 H^2 (the 2026-08-27 diagnostic's OP1 figure, no-1/2 row, through the engine)
  ok   [G0] G0 OP1 correspondence: S = Int a^3 (phi')^2 -> correction = 3*3/2 H^2 (the 2026-08-27 diagnostic's OP1 figure, no-1/2 row, through the engine)
  ok   [G0] G0 assertion wired: all four operators' actions carry the Int-row (no 1/2); the engine is linear in the action normalisation (factor 2 end-to-end)

=== G3: TOY AGREEMENT (the generalised machinery restricted to the toy) ===
  ok   [G3] G3: toy master identity F_B - F_A = (1/4)C''(0) = c2/2 (additive, om-independent)
  ok   [G3] G3: the engine's r-slot lever structure == the toy's registered slots C^{(r)}(0)(1/2)^r/r! (u1_pow lever arms; the C'-pairing on the l=1 slots)
  ok   [G3] G3: second centre u_c = 1/3: K~ = om^2 C(1/3) + (1/4)C''(1/3), both placements (centre dependence verified, not inferred)
  ok   [G3] G3: the Delta-space slots are -C(0) dd''(Delta) [slot (0,0,2)] and C''(0)/8 dd [slot (0,2,2)] -- the distributional structure -C dd'' + (1/4)C'' dd is preserved EXPLICITLY

=== G1 (scalar part): IBP INVARIANCE AT THE ACTION LEVEL ===
  ok   [G1] G1: Int C h h' and -(1/2) Int C' h^2 (differing by a total derivative) give the IDENTICAL action-functional kernel, both placements -- IBP invariance at the Hessian/distribution level, BEFORE any omega/K evaluation
  ok   [G1] G1: the total-derivative density d/du[C h1 h2] gives the IDENTICALLY ZERO kernel (both placements) -- the Hessian of a boundary term vanishes
  ok   [G1] G1 contrast (computed, not asserted): the OLD coincident-density construction is NOT IBP-invariant on the same pair (Int C hh' -> 0 vs -(1/2)Int C'h^2 -> -C'(0)) -- the defect the rebuild removes

##### STANDALONE NEW-G5 VERIFICATION #####
R3 master(P) = -H*b1
R3 master(E) = -H*b1
R3 old       = 0
R3 P==E: True | P==-Bp(0): True | old==0: True
R1 EL kernel slots {dd-order: coef(u)}: {0: -2*H**2*b2*u - H*b1}
R1 == {0: -Bp'(u)}: True
R1 bilinear == second variation (2 test pairs): True
R2 raw inner-A probe: 2*H**2*b2*u2**4*exp(-u2**2) + 2*H**2*b2*u2**3*exp(-u2**2) - 3*H**2*b2*u2**2*exp(-u2**2) - 2*H**2*b2*u2*exp(-u2**2) + 2*H*b1*u2**3*exp(-u2**2) + 2*H*b1*u2**2*exp(-u2**2) - 2*H*b1*u2*exp(-u2**2) - H*b1*exp(-u2**2) + 2*b0*u2**2*exp(-u2**2) + 2*b0*u2*exp(-u2**2) - b0*exp(-u2**2)
R2 centre difference [B(u1)-B(u2)] (odd in Delta): 2*Delta*H**2*b2*uc + Delta*H*b1
R2 slot-route kernel: -2*H**2*b2*uc - H*b1
R2 == -B'(uc): True
probe  Int f*dd    : 3
probe  Int f*ddp   : -2
probe  Int x*ddp   : -1
probe  Int x^2*ddp : 0
H1 part of corrected (uc=0): -b1 == -b1*H: False
H0 corrected==0: True | old H0==0: True | old H1==0: True
B=const: corrected==0: True | old==0: True
uc=1/3: K == -B'(1/3): True
elapsed 254.8s
