
=== G0: NORMALISATION TABLE (gated explicitly, not inherited) ===
  ok   [G0] G0 row 1: S = (1/2) Int C (h')^2 through the engine: K~ = om^2 C(0) + (1/4)C''(0) = om^2 + c2/2 (both placements); the correction alone is (1/4)C'' = c2/2
  ok   [G0] G0 row 2: S = Int C (h')^2 through the engine: K~ = 2 om^2 C(0) + (1/2)C''(0) = 2 om^2 + c2; the correction alone is (1/2)C'' = c2 -- EXACTLY TWICE row 1
  ok   [G0] G0 OP1 correspondence: S = Int a^2 (phi')^2 -> correction = 2*2/2 H^2 (the 2026-08-27 diagnostic's OP1 figure, no-1/2 row, through the engine)
  ok   [G0] G0 OP1 correspondence: S = Int a^3 (phi')^2 -> correction = 3*3/2 H^2 (the 2026-08-27 diagnostic's OP1 figure, no-1/2 row, through the engine)
  ok   [G0] G0 assertion wired: all four operators' actions carry the Int-row (no 1/2); the engine is linear in the action normalisation (factor 2 end-to-end)

=== G3: TOY AGREEMENT (the generalised machinery restricted to the toy) ===
  ok   [G3] G3: toy master identity F_B - F_A = (1/4)C''(0) = c2/2 (additive, om-independent)
  ok   [G3] G3: the engine's r-slot lever structure == the toy's registered slots C^{(r)}(0)(1/2)^r/r! (u1_pow lever arms; the C'-pairing on the l=1 slots)
  ok   [G3] G3: second centre u_c = 1/3: K~ = om^2 C(1/3) + (1/4)C''(1/3), both placements (centre dependence verified, not inferred)
  ok   [G3] G3: the Delta-space slots are -C(0) dd''(Delta) [slot (0,0,2)] and C''(0)/8 dd [slot (0,2,2)] -- the distributional structure -C dd'' + (1/4)C'' dd is preserved EXPLICITLY

=== G1 (scalar part): IBP INVARIANCE AT THE ACTION LEVEL ===
  ok   [G1] G1: Int C h h' and -(1/2) Int C' h^2 (differing by a total derivative) give the IDENTICAL action-functional kernel, both placements -- IBP invariance at the Hessian/distribution level, BEFORE any omega/K evaluation
  ok   [G1] G1: the total-derivative density d/du[C h1 h2] gives the IDENTICALLY ZERO kernel (both placements) -- the Hessian of a boundary term vanishes
  ok   [G1] G1 contrast (computed, not asserted): the OLD coincident-density construction is NOT IBP-invariant on the same pair (Int C hh' -> 0 vs -(1/2)Int C'h^2 -> -C'(0)) -- the defect the rebuild removes

=== STEP C: SPLIT-FREQUENCY SECTOR-GRADED CASCADE (the B-table machinery) ===
   [block] metric+inverse:     1.7s
   [block] sqrt(-g):     1.6s
   [block] christoffels:     7.9s
   [block] ricci:    16.1s
   [block] scalar curvature:     7.2s
   [block] Lam/EH/R2 densities:     7.5s
   [block] Rmn2 density:    66.3s
[107.5s] cascade K=(3,2) done
  K=(3,2) Lam: H1corr==0: True | gen=[(0, 0)] | gen==full: True | nongen==0: True
  K=(3,2) EH: H1corr==0: False | gen=[(0, 0), (0, 1), (0, 2), (1, 0), (1, 1), (2, 0)] | gen==full: True | nongen==0: True
  K=(3,2) R2: H1corr==0: True | gen=[] | gen==full: True | nongen==0: True
  K=(3,2) Rmn2: H1corr==0: True | gen=[] | gen==full: True | nongen==0: True
   [block] metric+inverse:    11.0s
   [block] sqrt(-g):     1.4s
   [block] christoffels:     8.1s
   [block] ricci:    15.4s
   [block] scalar curvature:     7.1s
   [block] Lam/EH/R2 densities:     7.7s
   [block] Rmn2 density:    66.8s
[225.0s] cascade K=(5,2) done
  K=(5,2) Lam: H1corr==0: True | gen=[(0, 0)] | gen==full: True | nongen==0: True
  K=(5,2) EH: H1corr==0: False | gen=[(0, 0), (0, 1), (0, 2), (1, 0), (1, 1), (2, 0)] | gen==full: True | nongen==0: True
  K=(5,2) R2: H1corr==0: True | gen=[] | gen==full: True | nongen==0: True
  K=(5,2) Rmn2: H1corr==0: True | gen=[] | gen==full: True | nongen==0: True
   [block] metric+inverse:     9.9s
   [block] sqrt(-g):     1.6s
   [block] christoffels:     7.8s
   [block] ricci:    16.2s
   [block] scalar curvature:     8.1s
   [block] Lam/EH/R2 densities:     6.8s
   [block] Rmn2 density:    66.0s
[341.5s] cascade K=(7,3) done
  K=(7,3) Lam: H1corr==0: True | gen=[(0, 0)] | gen==full: True | nongen==0: True
  K=(7,3) EH: H1corr==0: False | gen=[(0, 0), (0, 1), (0, 2), (1, 0), (1, 1), (2, 0)] | gen==full: True | nongen==0: True
  K=(7,3) R2: H1corr==0: True | gen=[] | gen==full: True | nongen==0: True
  K=(7,3) Rmn2: H1corr==0: True | gen=[] | gen==full: True | nongen==0: True

ALL-SAMPLES ATTRIBUTION: OK
[350.9s] done
