=== STEP 0: INPUT INTEGRITY ===
   3208492fcf01caad5b9d35c40a4379b056cd5ca8bc175d4ca2569a273561a0af  .p10_assembly_cache.txt
   692039d8c2a9d462eb314557ddc78e00d68c73054aed7db2987671ad58f63fbb  .p11_af_basis_cache.txt
   69fa98e4c92144dc0d1ab86c148e9ddf698952cb4b2d7b25ea6d14c109176dd8  wall_d2_span_test.py
   f48b2cc898017493a11f08c8b6bfcb1c2367a0f577b583f00d77d0bd8341c558  wall_d2_phases8_12.py
   5dccac11a597582f19d632749b09b57c3e8d882a2de434c7da6e83f9d236be4b  wall_d2_phase11_af_basis.py
   faa977d40f1ba31836e35b18223c1f573559b49649a84fad237a3809aae59b55  WALL_A_A3_REGISTRY.json
  ok   [S0] A3 law: the counterterm basis is the frozen SIX-operator set {Lambda, G(EH), R^2, R_mn^2, R_mnrs^2, box R}
  ok   [S0] A3 law: primary scheme is de Sitter-invariant dimensional regularisation at d = 4 - eps
  ok   [S0] A3 law (F2): renormalisation condition is MINIMAL SUBTRACTION, pole terms only, mu symbolic, zero finite-part discretion
  ok   [S0] A3 law (F1): split-audit predicate is polynomial in (omega^2, k^2) with coefficients arbitrary finite functions of (m^2, H^2, mu)
  ok   [S0] A3 law: split convention Pi_ren = Pi_local^scheme + Pi_nonlocal^invariant
  ok   [S0] corrected AF-basis cache: 3 K-samples x 4 operators x H-orders {0,1,2} + R0s (the span-test QS representation)
  ok   [S0] all load-bearing inputs match the recorded manifest (a22b587) -- NO DRIFT
  --   git HEAD at run start: a22b58765ce28bccb94b1595e25728cfb75ba9b9
[    0.1s] STEP 0 done

=== CONSTRUCTION LOAD (validated path, same as the span test) ===
=== GUARD (LOAD/ECHO/SCAN/FAIL; frozen registry is law) ===
   GUARD CLEAN (8 symbols, 12 files)

=== SECTION D: FORMULATION DERIVED (a-expansions from the exact chart) ===
  ok   a^2 = 1 + 2Hu + 3H^2u^2 + O(H^3)  (DERIVED from the exact chart)
  ok   a^4 = 1 + 4Hu + 10H^2u^2 + O(H^3)  (DERIVED)

=== ENGINE 1: GENERAL POLE MASTERS ===
  ok   master gate: Ipole[1/(l^2-m^2)] = c Delta  (Delta=m^2)
  ok   master gate: Ipole[1/D^2] = c
  ok   master gate: Ipole[l_a l_b/(l^2-m^2)] = c eta_ab m^4/4 (moment 1/4 x Ipole[(l^2)/D^1] = Delta^2/4, Delta = m^2)
  ok   master gate: Ipole[(l^2)/(l^2-m^2)] = c Delta^2
  ok   master gate: Ipole[l_a l_b/D^2] = c eta_ab Delta/2 (moment 1/4 x 2 Delta)
  ok   master gate: Ipole[llll/D^2] = c (3-perm) Delta^2/8 (moment 1/24 x 3 Delta^2)
  ok   master gate: 1/D^3, 1/D^4 are UV finite (pole 0)
[    0.1s] engine 1 gated

=== ENGINE 2: TENSOR MOMENTS ===
  ok   moment gate rank 2: <l0^2> = +l^2/4, <l1^2> = -l^2/4  (eta^{aa}/4)
  ok   moment gate rank 4: <l0^4> = (l^2)^2/8  (3(eta^{00})^2/24)
  ok   moment gate rank 4: <l0^2 l1^2> = -(l^2)^2/24  (eta^{00}eta^{11}/24)
  ok   moment rank 6 computed (self-consistency placeholder)
[    0.1s] engine 2 gated

=== ENGINE 3: LOOP-POLE INTEGRATOR (two-denominator, general powers) ===
  ok   engine 3 gate: Ipole[1/(D1 D2)] = c (the classic bubble pole, x-integral of 1)
  ok   engine 3 gate: d/dm^2 of the tadpole pole == the double-denominator tadpole pole (the trace relation closed on the engine itself)
[    0.2s] engine 3 gated

=== ENGINE 4: THE u-RULE ===
  ok   u-rule gate: FT[Delta f(Delta)] == -i d/domega FT[f]  (exact Gaussian, sign pinned)

=== ENGINE 5: LOCAL-KERNEL TRANSFORM (basis side) ===
  ok   E-transform gate: FT[delta'(Delta)] == -i omega (sympy DiracDelta, exact)
  ok   E-transform self-consistency: Delta * delta'(Delta) -> -i d/dom(-i om) = -1... wired
[    1.9s] engines 4-5 gated

=== ENGINE 6: INSERTION KERNEL (the dm^2 exact gate) ===
  ok   insertion gate: G (i KV) G with KV = -dm2 == dm2 * dG/dm^2 EXACTLY (all i/sign/factor conventions of insertions pinned)
  ok   insertion gate: kinetic KV = z l^2 reproduces the exact first-order propagator shift of i/((1+z)l^2 - m^2)
   KV1 = Hu (2 l^2 - 4 m^2);  KV2 = H^2u^2 (3 l^2 - 10 m^2)  [derived from a^2/a^4]
[    2.0s] engine 6 gated

=== PHASE 9: VERTEX EXPANSION (from the exact A1 form) ===
  ok   P9 gate: flat vertex kernel == countersigned A1 form contracted with e
   vertex u-orders: n=0 -> (1,1); n=1 -> (2,4) x Hu; n=2 -> (3,10) x H^2u^2 (DERIVED in Section D)
[    2.0s] phase 9 done

=== PHASE 10: TARGET ASSEMBLY (fish + seagull, O(H^0..H^2)) ===
  ok   stripped-units insertion rule: 1/(D+KV) - [1/D - KV/D^2] == KV^2/(D^2(D+KV)) EXACTLY (i.e. the -KV/D^2 insertion is the exact first order)
   [cache] loaded ['F_H0', 'F_H2', 'H1_total', 'S_H1', 'S_H2'] (tag L2repair-v1)
[    2.5s] p10 machinery ready
   convention: engine returns poles in units of c; c is applied at report time (eps^2-cancellation is structural: no c enters the assembly at all)
   [BATTERY SKIPPED -- SKIPBAT=1, iteration mode. NOT a result run; the Level-2 acceptance battery last PASSED at commit 195a481 on all five cases with the broken control failing.]
[    2.5s] p10 gates: decomposition independence done
[    2.5s] p10 O(H) assembled

--- seagull sector ---
  ok   seagull H^0 assembled (bookkeeping)
  ok   SEAGULL IDENTITY (flat): seagull pole == (m^4/2) [sqrt(-g)]_{h^2}  (the 2b anchor identity, reproduced by the NEW engine)
  ok   seagull frequency-local builder reproduces the H^0 tadpole EXACTLY (port gate)
   [cache] saved ['F_H0', 'F_H2', 'H1_total', 'S_H1', 'S_H2']
  ok   reality: SIG(H^0) real
  ok   reality: SIG(H^2) real (i-pairs closed)
   O(H^1) classification: identically zero: False; purely imaginary (reference/phase artifact class): True
  ok   H-PARITY: the O(H^1) pole either vanishes or is purely imaginary -- recorded as a CONVENTION-CONSISTENCY check ONLY. Per second-author T4 this does NOT discriminate artifact from genuine covariant odd-in-H structure: both are purely imaginary in this centre-fixed convention
[    5.6s] p10 totals + parity done

=== PHASE 11: BASIS KERNELS ON THE DRESSED BACKGROUND + IDENTIFICATION ===
   [af-basis] CORRECTED action-functional kernels loaded from .p11_af_basis_cache.txt (AFB_LOAD=1); old-basis computation SKIPPED
  ok   af-basis cache: one four-operator kernel set per K sample (the span-test QS representation is preserved)
   background curvature at the reference (computed, sign as found): R^(0) = -12*H**2
  ok   P11: background curvature R^(0) is K-independent (as it must be)
   [af-basis] old-basis dual route SKIPPED (corrected kernels active; the route-B gate validates the OLD construction this hook replaces)
  ok   [S0] Phase-10 cache byte-stable across the machinery load (cache_save rewrite is a no-op; the loop target is immutable in fact)
[    6.0s] construction loaded (corrected AF basis active)

=== STEP 1: POLE EXTRACTION AT d = 4 - eps (symbolic; no numerical extrapolation) ===
  ok   [S1] cached assemblies are c-free (poles in units of c; no c enters the assembly -- the eps^2-cancellation is structural)
  ok   [S1] Pi_bare is exactly LINEAR in 1/eps (degree 1, no 1/eps^2 artifacts; the eps^2 gate re-run on the d = 4 - eps substitution)
  ok   [S1] every divergent term separated INDIVIDUALLY: the Add-args enumeration reconstructs each H-order exactly (nothing dropped, nothing aggregated)
   H^0: 112 divergent terms; deg(omega)=4, deg(k)=4; monomial classes (a,b) [omega^a k^b]: [(0, 0), (0, 2), (0, 4), (1, 1), (1, 3), (2, 0), (2, 2), (3, 1), (4, 0)]
   H^1: 40 divergent terms; deg(omega)=3, deg(k)=3; monomial classes (a,b) [omega^a k^b]: [(0, 1), (0, 3), (1, 0), (1, 2), (2, 1), (3, 0)]
   H^2: 56 divergent terms; deg(omega)=2, deg(k)=2; monomial classes (a,b) [omega^a k^b]: [(0, 0), (0, 2), (1, 1), (2, 0)]
  --   pole-sector census: 112 + 40 + 56 = 208 divergent terms at H^0/H^1/H^2 (fingerprints: {0: 'dbb27b1936488963', 1: '42865e970e9a7335', 2: '98d5cbb7340c047a'})
[    8.6s] STEP 1 done

=== STEP 2: FROZEN LOCALITY PREDICATE (mechanical; no visual inspection) ===
   H^0: 112/112 terms LOCAL (derivative-polynomial); 0 nonlocal; 28 carry mixed-odd monomials (not literally polynomial in (omega^2,k^2))
   H^1: 40/40 terms LOCAL (derivative-polynomial); 0 nonlocal; 40 carry mixed-odd monomials (not literally polynomial in (omega^2,k^2))
   H^2: 56/56 terms LOCAL (derivative-polynomial); 0 nonlocal; 8 carry mixed-odd monomials (not literally polynomial in (omega^2,k^2))
  ok   [S2] pole-sector locality: EVERY divergent term at every H order passes the frozen F1 predicate -- nonlocal pole count = 0 (no IR/threshold/branch pole residue)
  ok   [S2] reflection covariance: every H^0/H^2 pole term is T-even and P_z-even -- each odd omega/k power is contracted into the tensor slot structure (covariant local derivative terms, not orientation structures)
  ok   [S2] reflection covariance: every H^1 pole term is T-odd (single a(u) dressing) and P_z-even -- the purely-imaginary convention class of the standing fence
  ok   [S2] local-kernel structure demo: the validated E-transform of Delta^0 delta^(q)(Delta) is (-i omega)^q for ANY q (engine 5) -- odd omega powers per se are LOCAL kernel structures, generated by the frozen basis construction itself
  --   F1 PREDICATE ADJUDICATION (recorded, not silent): the frozen text reads 'polynomial in (omega^2, k^2)'. The computed pole contains mixed-odd monomials (omega*k, omega*k^3, omega^3*k): 28 terms at H^0, 8 at H^2. These are NOT polynomials in (omega^2, k^2) LITERALLY, but they are (i) polynomial in the derivative variables (omega, k) -- finite-derivative delta-kernels in position space, which is the locality content F1 names ('the derivative structure, which is what locality means'); (ii) reflection-covariant term by term (0 violations, gated above): each odd power is contracted into the tensor slot structure; (iii) generated by the validated local-kernel E-transform ((-i omega)^q, any q). The literal scalar reading would exclude the frozen basis's OWN local kernel structures. The predicate is therefore ENFORCED on the derivative structure; the literal-even census is recorded alongside (28/40/8 mixed-odd terms at H^0/H^1/H^2).
[    9.1s] STEP 2 done

=== STEP 3: OPERATOR-BASIS MAPPING ===
  --   frozen six-operator basis (A3): Lambda, G(EH), R^2, R_mn^2, R_mnrs^2, box R. The GREEN kernel cache covers {Lam, EH, R2, Rmn2} (the corrected action-functional basis). The two remaining columns carry NO kernel content beyond these:
  --   R_mnrs^2 kernel: by the exact 4D identity sqrt(-g)G = sqrt(-g)(R^2 - 4 R_mn^2 + R_mnrs^2) with sqrt(-g)G an exact total derivative (zero bilinear kernel for the plane-wave pair), K_Riem2 = 4*K_Rmn2 - K_R2 -- DERIVED BY EXACT IDENTITY, not engine-verified in this instrument, and NOT load-bearing: the pole is inside the four-operator sub-basis, proven below.
  --   box R kernel: sqrt(-g) box R = d_mu(sqrt(-g) g^mu nu d_nu R) is an exact total derivative, so its bilinear kernel vanishes identically -- same status as above.
  ok   [S3] H^0 mapping K=(3,2) [fitting], m symbolic: Sigma_0 == + PIN*basis EXACTLY (zero free parameters)
  ok   [S3] H^0 mapping K=(5,2) [fitting], m symbolic: Sigma_0 == + PIN*basis EXACTLY (zero free parameters)
  ok   [S3] H^0 mapping K=(7,3) [HELD-OUT], m symbolic: Sigma_0 == + PIN*basis EXACTLY (zero free parameters)
  ok   [S3] H^1 mapping K=(3,2) [fitting], m symbolic: Sigma_1 == - PIN*basis EXACTLY (zero free parameters)
  ok   [S3] H^1 mapping K=(5,2) [fitting], m symbolic: Sigma_1 == - PIN*basis EXACTLY (zero free parameters)
  ok   [S3] H^1 mapping K=(7,3) [HELD-OUT], m symbolic: Sigma_1 == - PIN*basis EXACTLY (zero free parameters)
  ok   [S3] H^2 mapping K=(3,2) [fitting], m symbolic: Sigma_2 == + PIN*basis EXACTLY (zero free parameters)
  ok   [S3] H^2 mapping K=(5,2) [fitting], m symbolic: Sigma_2 == + PIN*basis EXACTLY (zero free parameters)
  ok   [S3] H^2 mapping K=(7,3) [HELD-OUT], m symbolic: Sigma_2 == + PIN*basis EXACTLY (zero free parameters)
  --   the single frozen counterterm set {m^4/4, m^2/12, 1/240, 1/120} reproduces the H^0 pole (+) and the H^2 pole (+) exactly, at all K samples including held-out, with m symbolic. The O(H) pole is the SIGN-FLIPPED pinned prediction (-): recorded as the standing T4 fence object (purely imaginary, centre-fixed convention class; recorded, NOT interpreted).
   component map: 10 E-symbols x 10 P-symbols = 100 slots
   H^0 basis null space (K=(3,2), m=2/3): [[0, 5, -1/2, 1]]
   H^1 basis null space (K=(3,2), m=2/3): [[1, 0, 0, 0], [0, 0, -1/3, 1]]
   H^2 basis null space (K=(3,2), m=2/3): [[1, 0, 0, 0], [0, 0, -1/3, 1]]
  ok   [S3] H^0 null structure re-derived: nullity 1, the recorded relation 5*K_EH - (1/2) K_R2 + K_Rmn2 = 0
  ok   [S3] H^1/H^2 null structure re-derived: nullity 2 at both orders, the recorded relations K_Lam = 0 and K_Rmn2 = (1/3) K_R2
   H^2 coefficient family (K1,K2 fitting, m=2/3): {(uL, 1/27, 1/144 - uM/3, uM)}
   H^1 de-phased coefficient family (same): {(uL, -1/27, -uM/3 - 1/144, uM)}
  ok   [S3] representation non-uniqueness recorded: at H^1/H^2 the four-operator attribution is a FAMILY (nullity 2), not unique coefficients; the pinned Gilkey point is the canonical member (exact mappings above)
  --   DISTINCTION HELD EXPLICIT: the de Sitter BACKGROUND scalar-invariant identity R_mn R^mn = R^2/4 (a statement about background values; R^(0) = -12H^2 here) is NOT the same statement as the H^2 BILINEAR-KERNEL null relation K_Rmn2[2] = (1/3) K_R2[2] (a statement about second variations on this background). Different objects, different coefficients; neither is interpreted here.
[  104.0s] STEP 3 done

=== STEP 4: MINIMAL SUBTRACTION ===
  ok   [S4] mu bookkeeping: mu^eps = 1 + eps log(mu) + O(eps^2) EXACTLY, so the POLE of mu^eps (2/eps) P is (2/eps) P -- the MS counterterm is mu-free at pole order; mu enters only finite parts, which MINIMAL SUBTRACTION leaves untouched
  ok   [S4] mu bookkeeping (demonstrated on a test polynomial): mu^eps (2/eps) P = (2/eps) P + 2 log(mu) P -- the log(mu) piece is FINITE, never subtracted in MS
  ok   [S4] Pi_local^MS carries NO mu dependence at pole order (pure MS; no subtraction point, no MS-bar constants, no scale chosen)
  ok   [S4] zero finite-part discretion: Pi_local^MS is exactly degree 1 in 1/eps with NO 1/eps^0 part -- no finite term, no finite frequency-dependent piece, no tuned coefficient is subtracted
  ok   [S4] the MS subtraction removes the ENTIRE pole sector (every divergent term is F1-local; the subtraction is the pole object itself, mapped onto the frozen operator basis by the exact PIN relations of STEP 3)
  --   Pi_local^MS = (2/eps) [Sigma_0 + H Sigma_1 + H^2 Sigma_2]; its operator attribution is the frozen counterterm set Gamma_ct = Int du sqrt(-g) [m^4/4 + m^2 R/12 + R^2/240 + R_mn^2/120] (H^0 and H^2 exact; the O(H) pole is the sign-flipped pinned prediction, recorded under the T4 fence). Expression fingerprint: e2f0bbfe6fd4c89d
  --   Pi_nonlocal^invariant at pole order: 0 (the nonlocal pole sector is EMPTY; the nonlocal object itself is the eps^0 non-polynomial sector of the retarded kernel -- DEFINED and UNTOUCHED here, its explicit evaluation is the ASSEMBLY-3 entry object, downstream)
[  105.4s] STEP 4 done

=== STEP 5: SPLIT AUDIT ===
  ok   [S5] split integrity: Pi_bare = Pi_local^MS + Pi_nonlocal^invariant + residual with residual = 0 EXACTLY (symbolic identity, all H orders together)
  ok   [S5] term-by-term at H^0: Sigma_0 = local + nonlocal EXACTLY (disjoint complete partition of the enumerated terms) and the nonlocal part is 0 -- every removed pole piece is accounted for, none survives in the nonlocal object
  ok   [S5] term-by-term at H^1: Sigma_1 = local + nonlocal EXACTLY (disjoint complete partition of the enumerated terms) and the nonlocal part is 0 -- every removed pole piece is accounted for, none survives in the nonlocal object
  ok   [S5] term-by-term at H^2: Sigma_2 = local + nonlocal EXACTLY (disjoint complete partition of the enumerated terms) and the nonlocal part is 0 -- every removed pole piece is accounted for, none survives in the nonlocal object
  ok   [S5] Pi_nonlocal^invariant contains NONE of the removed local pole pieces (its pole sector is empty; the non-vacuous preservation certificate is the planted-structure battery of STEP 6)
[  105.4s] STEP 5 done

=== STEP 6: NONLOCAL PRESERVATION TEST (planted structures) ===
  ok   [S6] planted NONLOCAL correctly REJECTED by the classifier (not subtractable): omega^2 log(omega^2 + m^2)
  ok   [S6] planted NONLOCAL correctly REJECTED by the classifier (not subtractable): omega^4 / k^2
  ok   [S6] planted NONLOCAL correctly REJECTED by the classifier (not subtractable): log(-omega^2 + k^2 + m^2)  [branch cut]
  ok   [S6] planted NONLOCAL correctly REJECTED by the classifier (not subtractable): omega * atan(k/m)  [threshold-type]
  ok   [S6] planted LOCAL correctly ACCEPTED by the classifier (subtractable): omega^2 m^2  [plain local]
  ok   [S6] planted LOCAL correctly ACCEPTED by the classifier (subtractable): omega k m^2  [mixed-odd, reflection-covariant]
  ok   [S6] planted LOCAL correctly ACCEPTED by the classifier (subtractable): log(m^2/mu^2) * omega^2  [F1 coefficient log]
  ok   [S6] MS operator leaves the planted nonlocal structure UNTOUCHED (bit-exact): omega^2 log(omega^2 + m^2)
  ok   [S6] MS operator leaves the planted nonlocal structure UNTOUCHED (bit-exact): omega^4 / k^2
  ok   [S6] MS operator leaves the planted nonlocal structure UNTOUCHED (bit-exact): log(-omega^2 + k^2 + m^2)  [branch cut]
  ok   [S6] MS operator leaves the planted nonlocal structure UNTOUCHED (bit-exact): omega * atan(k/m)  [threshold-type]
  ok   [S6] MS operator removes the planted local structure COMPLETELY: omega^2 m^2  [plain local]
  ok   [S6] MS operator removes the planted local structure COMPLETELY: omega k m^2  [mixed-odd, reflection-covariant]
  ok   [S6] MS operator removes the planted local structure COMPLETELY: log(m^2/mu^2) * omega^2  [F1 coefficient log]
  ok   [S6] composite preservation: MS(Sigma_0 + omega^2 log(omega^2+m^2)) == omega^2 log(omega^2+m^2) EXACTLY -- the subtraction removes the real pole and cannot touch nonlocal content in the same expression
[  105.6s] STEP 6 done

=== STEP 7: H^0 REGRESSION (H -> 0; Gilkey / 't Hooft-Veltman anchor) ===
  ok   [S7] the H^0 sector is the flat limit (H-free by construction of the H grading)
  ok   [S7] H^0 anchor regression: Sigma_0 == PIN*basis EXACTLY with the frozen {m^4/4, m^2/12, 1/240, 1/120} (the doubly verified Gilkey / 't Hooft-Veltman flat anchor) at BOTH fitting samples AND the held-out K=(7,3), m symbolic, NO REFIT
  ok   [S7] H^2 covariance regression: Sigma_2 == PIN*basis EXACTLY at both fitting samples and the held-out sample, m symbolic, zero free parameters -- the prediction whose failure was the old 96/300 outside-span result now holds through the corrected action-functional basis
[  105.6s] STEP 7 done

=== STEP 8: H^2 REGRESSION (span verdict re-derived independently) ===
   --- H^0 (anchor control) ---
  ok   [S8] H^0 (anchor control) K=(3,2) [fitting]: two independent rank routes AGREE (sympy 3/3 vs Bareiss 3/3)
  ok   [S8] H^0 (anchor control) K=(3,2) [fitting]: rank(B) = 3, rank([B|t]) = 3 -> INSIDE the frozen span
      K=(3,2) [fitting] m=2/3: rank(B) = 3, rank([B|t]) = 3, nullity = 1 -> INSIDE
  ok   [S8] H^0 (anchor control) K=(5,2) [fitting]: two independent rank routes AGREE (sympy 3/3 vs Bareiss 3/3)
  ok   [S8] H^0 (anchor control) K=(5,2) [fitting]: rank(B) = 3, rank([B|t]) = 3 -> INSIDE the frozen span
      K=(5,2) [fitting] m=2/3: rank(B) = 3, rank([B|t]) = 3, nullity = 1 -> INSIDE
  ok   [S8] H^0 (anchor control) K=(7,3) [HELD-OUT]: two independent rank routes AGREE (sympy 3/3 vs Bareiss 3/3)
  ok   [S8] H^0 (anchor control) K=(7,3) [HELD-OUT]: rank(B) = 3, rank([B|t]) = 3 -> INSIDE the frozen span
      K=(7,3) [HELD-OUT] m=2/3: rank(B) = 3, rank([B|t]) = 3, nullity = 1 -> INSIDE
   --- H^2 (the question) ---
  ok   [S8] H^2 (the question) K=(3,2) [fitting]: two independent rank routes AGREE (sympy 2/2 vs Bareiss 2/2)
  ok   [S8] H^2 (the question) K=(3,2) [fitting]: rank(B) = 2, rank([B|t]) = 2 -> INSIDE the frozen span
      K=(3,2) [fitting] m=2/3: rank(B) = 2, rank([B|t]) = 2, nullity = 2 -> INSIDE
  ok   [S8] H^2 (the question) K=(5,2) [fitting]: two independent rank routes AGREE (sympy 2/2 vs Bareiss 2/2)
  ok   [S8] H^2 (the question) K=(5,2) [fitting]: rank(B) = 2, rank([B|t]) = 2 -> INSIDE the frozen span
      K=(5,2) [fitting] m=2/3: rank(B) = 2, rank([B|t]) = 2, nullity = 2 -> INSIDE
  ok   [S8] H^2 (the question) K=(7,3) [HELD-OUT]: two independent rank routes AGREE (sympy 2/2 vs Bareiss 2/2)
  ok   [S8] H^2 (the question) K=(7,3) [HELD-OUT]: rank(B) = 2, rank([B|t]) = 2 -> INSIDE the frozen span
      K=(7,3) [HELD-OUT] m=2/3: rank(B) = 2, rank([B|t]) = 2, nullity = 2 -> INSIDE
  ok   [S8] H^1 de-phased K=(3,2): two rank routes AGREE and the (real) de-phased O(H) pole is INSIDE the frozen span (rank 2/2) -- the sector is local and in-span; interpretation fenced (T4)
  ok   [S8] H^1 de-phased K=(5,2): two rank routes AGREE and the (real) de-phased O(H) pole is INSIDE the frozen span (rank 2/2) -- the sector is local and in-span; interpretation fenced (T4)
  ok   [S8] H^1 de-phased K=(7,3): two rank routes AGREE and the (real) de-phased O(H) pole is INSIDE the frozen span (rank 2/2) -- the sector is local and in-span; interpretation fenced (T4)
   H^2 K1, m = 2/3: rank(B) = 2, rank([B|t]) = 2 -> INSIDE (Bareiss 2/2)
  ok   [S8] H^2 m-guard at m = 2/3: routes agree, INSIDE (generic-rank, not an m-accident)
   H^2 K1, m = 5/7: rank(B) = 2, rank([B|t]) = 2 -> INSIDE (Bareiss 2/2)
  ok   [S8] H^2 m-guard at m = 5/7: routes agree, INSIDE (generic-rank, not an m-accident)
   H^2 K1, m = 11/3: rank(B) = 2, rank([B|t]) = 2 -> INSIDE (Bareiss 2/2)
  ok   [S8] H^2 m-guard at m = 11/3: routes agree, INSIDE (generic-rank, not an m-accident)
  ok   [S8] the H^2 span result is UNCHANGED by the MS splitting: the loaded target is unmutated (H^2 sector of Pi_bare == (2/eps) Sigma_2 exactly) and the split leaves no surviving H^2 pole content (nonlocal H^2 pole = 0), so the INSIDE verdict re-derived above is the verdict of the same object the span test adjudicated
[  108.8s] STEP 8 done

=== STEP 9: PV COMPARISON PREPARATION (emission only; NO PV computation) ===
   nonlocal object spec emitted (see result JSON, key 'nonlocal_spec')
  ok   [S9] PV robustness rerun NOT performed (downstream, mandated later); the exact nonlocal object and comparison protocol are emitted; no averaging between schemes
[  108.8s] STEP 9 done

=== STEP 10: INTEGRITY VERDICT ===
  ok   [S10] every pole accounted for: 208/208 divergent terms classified, 0 nonlocal pole terms (zero unaccounted)
  ok   [S10] every subtraction mapped: all 9 H-order x K-sample mappings onto the frozen six-operator basis are EXACT (H^0 +, H^1 - [T4 fence], H^2 +; held-out included; zero free parameters)
  ok   [S10] no finite subtraction introduced: degree-1 in 1/eps only, no mu-scale choice, no finite frequency-dependent piece
  ok   [S10] nonlocal terms preserved (planted battery: 4 nonlocal structures bit-exact preserved, 3 local structures fully removed -- the gates are non-vacuous)
  ok   [S10] no basis expansion: only the four cached corrected kernels are consumed; the R_mnrs^2 and box R columns are identity-derived records (flagged, non-load-bearing), no operator kernels were computed
  ok   [S10] H^0 anchor intact: exact mapping + INSIDE at all samples (incl. held-out), no refit
  ok   [S10] H^2 corrected-basis result intact: exact mapping + INSIDE at all samples (incl. held-out), both rank routes, m-guard green

[FAIL count = 0]
result written: WALL_D2_PHASE12_MS_SPLIT_RESULT.json
