=== PROVENANCE (pre-run) ===
  note input sha WALL_KR_TIER1_VERTEX_ARTIFACT.json = dfd8d5c203c80b1d...
  ok   pin WALL_KR_TIER2_MASSLESS_BATH.json == c5d399f525407839...
  ok   pin WALL_KR_TIER3_LOOP_RESULT.json == 4c016e93b889bd04...
  ok   pin WALL_KR_CONTRACT_RETARDED_RESULT.json == d916ef32f6f73fa3...
  ok   pin WALL_A_A3_DECLARATIONS.md == 87e2d24d5be6d679...
  ok   pin K_R_CONTRACT_EXECUTION_CHARTER.md == 5416fa45498a6e5f...
  note input sha WALL_A4_RESPONSE_DRESSED_RESULT.json = d430e7b743be2054...
  note input sha CLASS_C_MANIFEST.json = e2d8065c4f157cff...
  note input sha .d4_vertex_gauge.json = b1772109fc3f9bf8...
  note input sha .d4_flat_ward.json = afaf920ba96bde32...

=== 1: THE CONTRACT, VERBATIM ===
  ok   SOURCE 1 (Declaration 5, frozen): second gauge = SYNCHRONOUS (residual freedom = xi^0 = C(x)/a + time-independent xi^i, fixed by BD-asymptotic coincidence); comparison = gauge-UNFIXED (full h, orbit-tracked) vs synchronous; criteria = (1) TT-vertex + discard bookkeeping orbit-reconciled, (2) Pi_nonlocal EXACT SYMBOLIC EQUALITY, (3) identical Q1/Q3 verdict strings; any mismatch BLOCKS assembly
  ok   SOURCE 2 (charter gate D, the contract-scope translation, verbatim): 'the A4 response-level machinery (orbit formula, synchronous solver, trace-cancellation theorem) re-derived for the graviton loop -- agreement of TT content between gauges as an operator identity where provable, exact symbolic check where not' -- and the charter's unblock list prices D4 as REQUIRED, NOT YET EXECUTED at graviton-loop level (sessions scale)
  ok   no conflict between the two authoritative sources: the charter EXPLICITLY translates Declaration 5 to contract scope; one protocol, one translation

=== 2: OBJECT IDENTITY ===
  ok   the consequence manifest's registered object (verbatim): 'gauge-invariantly assembled retarded TT response G_R^TT derived from the pure-graviton de Sitter self-energy Sigma(x,x')' -- D4 therefore tests the gauge robustness of Sigma^TT, which carries to G_R^TT = 1/(G0^-1 - Sigma) through G0^TT's own linear gauge invariance (proven below); no substitute object is used

=== 3/4 PART 1: EXTERNAL ORBIT -- OPERATOR IDENTITY ===
  ok   OPERATOR IDENTITY (all H orders at once): P^TT annihilates the FULL orbit direction delta h_ij = i(k_i xi_j + k_j xi_i) + lambda delta_ij for ARBITRARY k-direction, ARBITRARY xi and ARBITRARY trace coefficient lambda = 2(a'/a) xi^0 -- gradients die by transversality, the trace term by tracelessness. The H-dependence lives ONLY in lambda, so the identity holds at H^0, H^1 and H^2 IDENTICALLY (no order-by-order truncation difference is possible). This covers: the external probe legs, G0^TT's linear gauge invariance, AND the corrected synchronous residual class (xi^0 = C(x)/a with time-independent xi^i is a special case of the arbitrary (xi, lambda) just annihilated)
  ctrl-DETECTED   A(i). transversality mutation: with the k k/k^2 subtraction REMOVED (traceless-only operator), the gradient terms of the orbit direction SURVIVE (nonzero off-diagonal projection) -- transversality is load-bearing, not decoration
  ctrl-DETECTED   A(ii). traceless mutation: the TRANSVERSE TRACE (P_ia P_ib dh_ab summed on i) is NONZERO (= 2 lambda per transverse direction) -- the trace removal is load-bearing; together with A(i) both halves of the Part-1 identity are proven to have teeth

=== 5/7 PART 2: INTERNAL-LINE / SLICING SECTOR ===
  ok   POSITIVE CONTROL FIRST (the apparatus detects genuine gauge invariance): the FLAT frozen vertex contracted with a gauge-image leg under EXACT momentum conservation and on-shell TT companions gives IDENTICALLY ZERO -- the flat linearized diffeomorphism Ward identity, confirmed by the same machinery that produces the dS result below. A nonzero dS result is therefore MEANINGFUL, not an apparatus artifact
  ok   the dS internal gauge-image insertion (TT probe x gauge-image internal slot x TT-projected internal slot, loop kinematics p1 = (omega, 0), p2,3 = (nu, +-q n)) is NONZERO at H^0, H^1 AND H^2 -- computed from the frozen Tier-1 dS vertex, H-orders graded separately (no order assumed from another)
  ok   THE OBSTRUCTION, EXACTLY: on frequency conservation and on-shell (nu1 = +-q) the surviving H^0 residual is (7/2) i omega^2 q (X0 +- X3)(t11 - t22) -- the external EOM factor omega^2 times the NULL gauge-parameter combinations times the internal-external TT overlap. Structured, tiny, and NOT zero
  ok   no cheap pairwise disposal: the +-q on-shell residues neither cancel in the sum nor in the difference -- the retarded commutator structure alone does not remove the obstruction; disposal (if it occurs) must come from the INTEGRATED orbit/K-term machinery
  ctrl-DETECTED   B/C. non-gauge mutations (pure-trace internal slot; unsymmetrized image) are NONZERO and DISTINCT from the main result -- omitted-term and projector mutations are distinguishable, the contraction is not degenerate
  ok   DIRECTION INDEPENDENCE of the NONZERO conclusion: the dS insertion evaluated at 3 exact-rational skew unit directions (with H and u nonzero rational) is nonzero at every one -- the z-aligned symbolic result is not an alignment accident (the symbolic skew computation was killed for cost; this exact-rational route replaces it, disclosed)

=== 11: INDEPENDENCE AUDIT ===
  note dependency graph: PART 1 uses only the projector algebra (no cache); the FLAT control uses flat_vertex_srepr; PART 2's main result uses ds_vertex_srepr + fresh contraction code -- none of the three consumes the T3 cone caches or any assembled-loop object, so no shared final cached object can make an agreement tautological. The frozen T1 artifact (raw immutable input) is the only shared ancestor, as permitted
  ok   verified at source level: no assembled-loop cache is consumed by this instrument

=== 12/13: CLASSIFICATION ===
  note CLASS code: D4-C
  note CLASS what_PASSES_as_operator_identity: the EXTERNAL orbit (probe legs, G0^TT, the synchronous residual class): P^TT annihilates the full orbit direction for arbitrary k, xi and trace coefficient -- identically at every H order
  note CLASS what_is_NOT_decided: the INTERNAL-line / slicing sector: the gauge-image insertion at loop kinematics is NONZERO at H^0, H^1, H^2, with the exact on-support H^0 obstruction (7/2) i omega^2 q (X0 +- X3)(t11 - t22); no cheap pairwise disposal exists; the flat-Ward positive control proves the apparatus detects genuine invariance, so this is a real off-support structure that only the INTEGRATED orbit/K-term machinery (Declaration 5's own mechanism at matter scope: 'K-terms + trace cancellation') can dispose or convict
  note CLASS why_not_D4_A: Declaration 5 requires Pi_nonlocal exact symbolic equality between constructions; the internal sector is undecided at the executable level of this run
  note CLASS why_not_D4_B: no integrated mismatch was exhibited: at matter scope A4's raw orbit terms were ALSO nonzero (8675 of them) and the integrated machinery disposed of every one ('the orbit moves no TT amplitude'); a raw nonzero here is not a failure verdict
  note CLASS the_priced_completion: re-derive the A4 orbit-formula/K-term/trace-cancellation machinery on graviton-loop content -- exactly the charter's gate D as written, priced at sessions scale; its input obstruction is now precisely characterized
  note CLASS matter_precedent_scope_note: A4's internal lines were SCALARS (no internal gauge freedom); the internal-graviton-line sector has NO matter-scope precedent -- this run supplies its first computed characterization
  ok   classification emitted: D4-C -- computed from the evidence; not forced toward A

=== 16: CONSEQUENCE FIREWALL ===
  ok   no consequence-cell text, Axis-2 outcome, J(omega) or plant artifact is read -- the D4 criterion came from the registered contract alone (tokens runtime-built)
  ctrl-DETECTED   token scanner has teeth

=== 15/17: POST-RUN INTEGRITY ===
  ok   every frozen input byte-identical to its pre-run hash
  note register untouched: claims.json sha beaeb84e8a6f8468...
  note files added: ?? .d4_flat_ward.json | ?? .d4_vertex_gauge.json | ?? WALL_KR_D4_DUAL_GAUGE_RESULT.json | ?? d4_extract.log | ?? d4_extract.py | ?? d4_run1.log | ?? d4_run2.log | ?? wall_kr_d4_dual_gauge.py
  ok   artifact written and re-read (sha 0ffa6f045c4f1f23...)

D4 DUAL-GAUGE: 24/24 passed; failures: 0
CLASSIFICATION: D4-C
HARD STOP.
