=== 16: PROVENANCE (pre-run) ===
  ok   pin WALL_A_A3_DECLARATIONS.md == 87e2d24d5be6d679...
  ok   pin K_R_CONTRACT_EXECUTION_CHARTER.md == 5416fa45498a6e5f...
  note input sha WALL_KR_D3III_OWNER_RULING_RESULT.json = d52f7983924badb2...
  note input sha WALL_KR_D4_DUAL_GAUGE_RESULT.json = 0ffa6f045c4f1f23...
  note input sha WALL_KR_D4_KTERM_COMPLETION_RESULT.json = be66003c8ce0d8cb...
  note input sha WALL_KR_TIER1_VERTEX_ARTIFACT.json = dfd8d5c203c80b1d...
  ok   pin WALL_KR_TIER2_MASSLESS_BATH.json == c5d399f525407839...
  ok   pin WALL_KR_TIER3_LOOP_RESULT.json == 4c016e93b889bd04...
  ok   pin WALL_KR_CONTRACT_RETARDED_RESULT.json == d916ef32f6f73fa3...

=== 1: DECLARATION 5 / GATE D, VERBATIM ===
  note D5 gauge_A: gauge-UNFIXED (full h, orbit-tracked) -- 'A1 fixed NO gauge: the countersigned vertex is the full untruncated h_mu_nu with all non-TT content tracked and orbit-reconciled'
  note D5 gauge_B: SYNCHRONOUS (delta g_00 = delta g_0i = 0), residual freedom xi^0 = C(x)/a + time-independent xi^i, fixed by BD-asymptotic coincidence
  note D5 req_1: Gamma^TT-level: the TT-projected vertex AND the recorded discard bookkeeping (trace + longitudinal), reconciled against the gauge orbit -- 'the discards must map orbit-to-orbit'
  note D5 req_2: Pi_nonlocal^invariant: REQUIRED to match exactly (symbolic equality after the gauge transformation)
  note D5 req_3: the Q1 placement verdict and the Q3 convergence class: REQUIRED to match (both declared gauge-invariant content)
  note D5 local_parts: the LOCAL scheme parts are recorded in both gauges but are NOT required equal term-by-term
  note D5 mismatch_rule: any mismatch in (1)-(3) is a FINDING that blocks assembly
  FAIL Declaration 5 located verbatim with all three requirements and the mismatch/blocking rule
  ok   GATE D's OPERATOR-IDENTITY CLAUSE, verbatim: 'agreement of TT content between gauges as an operator identity where provable, exact symbolic check where not' -- the charter EXPLICITLY licenses discharging the comparison by operator identity where one is provable; this is the clause the Pi_nonlocal bridge below must invoke, and it is the contract's own language, not an inference
  ok   D3(iii) ruling (8f27f28) authorizes this adjudication to operate within the declared TT-bath scope, with general-gauge uniqueness expressly NOT claimed -- no contract conflict remains

=== 2: CERTIFIED EVIDENCE (ingested, not re-run) ===
  FAIL EVIDENCE A (a54aa7f): external-orbit operator identity certified, zero failures
  ok   EVIDENCE B (56b64c0): internal K-term completion certified KTERM-A, 27/27, H^0/H^1/H^2 all PASS
