=== 16: PROVENANCE (pre-run) ===
  ok   pin WALL_A_A3_DECLARATIONS.md == 87e2d24d5be6d679...
  ok   pin K_R_CONTRACT_EXECUTION_CHARTER.md == 5416fa45498a6e5f...
  note input sha WALL_KR_D3III_OWNER_RULING_RESULT.json = d52f7983924badb2...
  note input sha WALL_KR_D4_DUAL_GAUGE_RESULT.json = 0ffa6f045c4f1f23...
  note input sha WALL_KR_D4_KTERM_COMPLETION_RESULT.json = be66003c8ce0d8cb...
  note input sha WALL_KR_TIER1_VERTEX_ARTIFACT.json = dfd8d5c203c80b1d...
  ok   pin WALL_KR_TIER2_MASSLESS_BATH.json == c5d399f525407839...
  ok   pin WALL_KR_TIER3_LOOP_RESULT.json == 4c016e93b889bd04...
  ok   pin WALL_KR_CONTRACT_RETARDED_RESULT.json == d916ef32f6f73fa3...

=== 1: DECLARATION 5 / GATE D, VERBATIM ===
  note D5 gauge_A: gauge-UNFIXED (full h, orbit-tracked) -- 'A1 fixed NO gauge: the countersigned vertex is the full untruncated h_mu_nu with all non-TT content tracked and orbit-reconciled'
  note D5 gauge_B: SYNCHRONOUS (delta g_00 = delta g_0i = 0), residual freedom xi^0 = C(x)/a + time-independent xi^i, fixed by BD-asymptotic coincidence
  note D5 req_1: Gamma^TT-level: the TT-projected vertex AND the recorded discard bookkeeping (trace + longitudinal), reconciled against the gauge orbit -- 'the discards must map orbit-to-orbit'
  note D5 req_2: Pi_nonlocal^invariant: REQUIRED to match exactly (symbolic equality after the gauge transformation)
  note D5 req_3: the Q1 placement verdict and the Q3 convergence class: REQUIRED to match (both declared gauge-invariant content)
  note D5 local_parts: the LOCAL scheme parts are recorded in both gauges but are NOT required equal term-by-term
  note D5 mismatch_rule: any mismatch in (1)-(3) is a FINDING that blocks assembly
  ok   Declaration 5 located verbatim (whitespace-normalized) with all three requirements AND the mismatch/blocking rule
  ok   GATE D's OPERATOR-IDENTITY CLAUSE, verbatim: 'agreement of TT content between gauges as an operator identity where provable, exact symbolic check where not' -- the charter EXPLICITLY licenses discharging the comparison by operator identity where one is provable; this is the clause the Pi_nonlocal bridge below must invoke, and it is the contract's own language, not an inference
  ok   D3(iii) ruling (8f27f28) authorizes this adjudication to operate within the declared TT-bath scope, with general-gauge uniqueness expressly NOT claimed -- no contract conflict remains

=== 2: CERTIFIED EVIDENCE (ingested, not re-run) ===
  ok   EVIDENCE A (a54aa7f): external-orbit operator identity certified, zero failures -- read from the artifact's own 'what_PASSES_as_operator_identity' field: 'the EXTERNAL orbit (probe legs, G0^TT, the synchronous residual class): P^TT annihilates the full orbit direction for ar'
  ok   EVIDENCE B (56b64c0): internal K-term completion certified KTERM-A, 27/27, H^0/H^1/H^2 all PASS
  ok   MECHANICAL REPRODUCTION (adjudication tool's own, exact rational arithmetic at 5 unit directions x 9 index pairs): the orbit direction -- gradient piece PLUS trace piece, arbitrary Y and arbitrary lambda -- has ZERO TT projection, and each piece vanishes SEPARATELY. This reproduces both certified identities (external and internal orbits share this form)
  ok   DISCARD-SPACE STRUCTURE (by construction, no computation needed): the orbit direction IS i(k_i xi_j + k_j xi_i) + lambda delta_ij -- a LONGITUDINAL (gradient) piece plus a TRACE piece. Those two are precisely Declaration 5's named discards ('trace + longitudinal'). Combined with the vanishing TT projection just verified, the orbit lies ENTIRELY inside the discard subspace and has no TT component at all

=== 3: THE PRIOR INTERPRETATION, SUPERSEDED ===
  note SUPERSEDE status: SUPERSEDED INTERPRETATION OF THE EXECUTABLE TEST
  note SUPERSEDE not: ['deleted result', 'physical contradiction']
  note SUPERSEDE statement: the prior internal-line residual was generated by inserting the gauge image as a FREE POLARIZATION on the internal slot. That is not the declared TT-bath contraction: the declared internal slot is contracted with P^TT x W. Therefore the prior nonzero residual cannot be carried forward as evidence against the TT-bath D4 object
  note SUPERSEDE artifact: the D4-C artifact remains byte-identical (verified pre and post)
  ok   the D4-C artifact is byte-identical -- superseded as INTERPRETATION, never deleted or rewritten

=== 4-7: FORMAL DISPATCH, CONDITION BY CONDITION ===
  ok   REQ (1) DISCHARGED -- by the contract's own logic, not by assertion: the orbit direction is BY CONSTRUCTION a gradient piece plus a trace piece, i.e. it lives in exactly the 'trace + longitudinal' space Declaration 5 names as the discards; and its TT projection VANISHES (verified above, each piece separately). So the orbit moves content only WITHIN the discard space and never touches the TT block -- which IS 'the discards must map orbit-to-orbit', with the TT-projected vertex left invariant

--- REQ (2): the Pi_nonlocal bridge, built explicitly ---
  note BRIDGE (a) Declaration 5 compares two constructions of the SAME linearized object that differ by a gauge transformation (gauge-unfixed vs synchronous); it is not a comparison of two different theories.
  note BRIDGE (b) On a fixed background at linear order in the perturbation, the action of ANY such transformation on the spatial block is delta h_ij = i(k_i xi_j + k_j xi_i) + lambda delta_ij with lambda = 2(a'/a) xi^0 -- including the particular xi that reaches synchronous gauge (whose defining conditions constrain the 0-rows and fix the residual freedom, while its spatial action is exactly this form).
  note BRIDGE (c) The certified identities annihilate that form for ARBITRARY direction, ARBITRARY xi and ARBITRARY lambda -- external legs (a54aa7f) and, within the D3(iii)-declared TT bath, internal legs (56b64c0). Arbitrariness is what makes (b)'s particular xi a special case rather than an untested one.
  note BRIDGE (d) Sigma^TT is built by contracting these legs and integrating; the projection is applied per configuration, so a per-n^hat zero integrates to zero. Hence Sigma^TT is the SAME object in both constructions.
  note BRIDGE (e) Pi_nonlocal^invariant is a PART of Sigma^TT. If the whole object is identical, its nonlocal part is identical -- exact equality, not approximate agreement.
  note BRIDGE (f) The route is contract-licensed: gate D says agreement 'as an OPERATOR IDENTITY WHERE PROVABLE, exact symbolic check where not'. An operator identity is provable here, so the symbolic term-by-term comparison is the fallback the contract explicitly does not require in this case.
  ok   REQ (2) DISCHARGED via the operator-identity route, with the logical chain (a)-(f) explicit and the licensing clause quoted from the charter itself. NOT assumed: the implication 'operator identity => Pi_nonlocal equality' is carried by step (e) (the nonlocal part is a part of an identical object) and authorized by step (f)

--- REQ (3): Q1 / Q3, established WITHOUT reading verdicts ---
  ok   REQ (3) DISCHARGED STRUCTURALLY: Declaration 5 requires the Q1 placement verdict and the Q3 convergence class to be IDENTICAL BETWEEN GAUGES -- a statement about invariance, not about values. Since Sigma^TT is the same object in both constructions, EVERY verdict computed from it is identical by construction. This is established WITHOUT reading any Q1 or Q3 value, so the consequence firewall is preserved: no Axis-2, J(omega), benchmark or plant datum enters the adjudication

=== 5: H-ORDER LOGIC ===
  ok   H-ORDERS: lambda = 2(a'/a) xi^0 is the ONLY H-dependent carrier in the orbit direction, and the annihilation is independent of lambda (d/dlambda = 0 identically). A single identity uniform in lambda therefore proves H^0, H^1 and H^2 simultaneously -- each order is a coefficient in a lambda-expansion of an expression that vanishes for EVERY lambda, so each vanishes separately. Three separate calculations would be strictly weaker, not stronger

=== 8: OBJECT IDENTITY ===
  ok   the adjudicated object is the registered one: the registered gauge-invariantly assembled retarded TT response G_R^TT derived from the pure-graviton de Sitter self-energy Sigma(x,x') -- no matter response, no A4 scalar-internal response, no free state ladder, no J(omega), no plant response, no dressed alternative was substituted

=== 10: NEGATIVE CONTROLS ===
  ctrl-DETECTED   A. remove EXTERNAL transversality: the orbit's gradient part survives -- the dispatch would not have discharged req (1)
  ctrl-DETECTED   B/D. remove the internal TT projection (equivalently: revert to the free-polarization insertion): the certified K-term record shows the residual RETURNS -- that is precisely the superseded D4-C test, so the dispatch demonstrably depends on the projection and is not accepting the object regardless
  ctrl-DETECTED   C. remove trace cancellation: the lambda-trace direction survives -- both halves of the mechanism are load-bearing
  ctrl-DETECTED   E. MISMATCH CONTROL (the decisive one): if the two gauge constructions' TT content differed by ANY nonzero Delta_TT, the equality test the dispatch runs would fail -- the dispatch is an equality test on the objects, NOT a rule that declares constructions equivalent by fiat
  ok   no spectral-outcome token in source (runtime-built scanner)
  ctrl-DETECTED   token scanner has teeth

=== 11: CONSEQUENCE FIREWALL ===
  ok   NO consequence-cell text, Axis-2 result, benchmark, J(omega) or plant artifact is read -- D4 was adjudicated on its own contract, and the consequence question will consume D4 rather than drive it

=== 12: CLASSIFICATION ===
  note CLASS code: D4-A
  note CLASS meaning: ALL REGISTERED D4 CONDITIONS SATISFIED for the declared consequence-scope object
  note CLASS basis: requirements (1), (2) and (3) each discharged above, with the Pi_nonlocal bridge built from the contract's own operator-identity clause rather than assumed
  note CLASS not_forced_by_KTERM: KTERM-A alone would NOT have sufficed: requirement (2) needed the licensing clause and the chain (a)-(f), and requirement (1) needed the projector-kernel/discard-subspace argument
  note CLASS why_C_is_discharged: the D4-C blocking condition was the internal-line residual; that residual is now a superseded INTERPRETATION (a mis-posed test), not a surviving finding, so retaining C would be retaining a blocker that no longer exists
  ok   classification emitted: D4-A

=== 14: PRESERVED LIMITATIONS ===
  note LIMIT means_only: the declared TT-bath D4 dual-gauge/orbit requirement is satisfied for the registered consequence-scope object
  note LIMIT does_NOT_mean: general-gauge uniqueness proved; GRUT proved; consequence class determined; low-frequency memory determined; Lambda_R fixed; H^2 local IR ambiguity resolved

=== 16: POST-RUN INTEGRITY ===
  ok   every frozen artifact (a54aa7f's and 56b64c0's included) AND the register are byte-identical
  note files added: ?? WALL_KR_D4_RE_ADJUDICATION_RESULT.json | ?? d4re_run1.log | ?? d4re_run2.log | ?? d4re_run3.log | ?? d4re_run4.log | ?? wall_kr_d4_readjudication.py
  ok   artifact written and re-read (sha 9e79ed6b2635ed69...)

D4 RE-ADJUDICATION: 28/28 passed; failures: 0
D4: D4-A
HARD STOP.
