=== PROVENANCE (pre-run) ===
  ok   pin WALL_KR_CONTRACT_RETARDED_RESULT.json == d916ef32f6f73fa3...
  note input sha WALL_KR_D5_EXECUTION_RESULT.json = b60cecc2f7d356f7...
  note input sha WALL_KR_H0_PARAMETER_LEDGER_RESULT.json = 8f4adb633fbe44ad...
  note input sha WALL_KR_H2_IR_OWNER_DECISION_RESULT.json = b6ecde682832faf4...
  note input sha GATE_E_H2_FDT_KMS_RESULT.json = 3042ee6fd4a11011...
  note input sha WALL_KR_NOISE_IR_AUDIT_RESULT.json = b47c04a60eb34b81...
  ok   pin K_R_CONTRACT_EXECUTION_CHARTER.md == 5416fa45498a6e5f...
  note input sha CLASS_C_MANIFEST.json = e2d8065c4f157cff...
  note input sha CLASS_C_DISPATCH_SPEC.md = 2d4caaf1b8294e96...
  note input sha CLASS_C_CONSEQUENCE_MAP_UNSEALED.md = 76c0e4244e16b060...

########## PART I: TIER-4 FORMAL ACCEPTANCE PRE-SCREEN ##########

=== I.1: SCOPE (extracted, not broadened) ===
  ok   I.1 scope element present in the frozen artifact: TT scope / Ward exclusion
  ok   I.1 scope element present in the frozen artifact: noise fence
  ok   I.1 scope element present in the frozen artifact: validity rule
  ok   I.1 scope element present in the frozen artifact: local slot symbolic
  ok   I.1 scope element present in the frozen artifact: k->0 / isotropy carried
  ok   I.1 scope element present in the frozen artifact: no J(omega) input
  ok   I.1 the frozen validation record is 34/34 with zero failures (33 checks)

=== I.2: CONDITIONALITY TABLE ===
Traceback (most recent call last):
  File "/Users/mpg/Desktop/GRUT ResponsiveAI/PHYSICS_LEDGER/wall_kr_t4_bank_and_cell.py", line 119, in <module>
    branch = T4["out"]["analytic_structure"]["branch_point"]
             ~~~~~~~~~~~~~~~~~~~~~~~~~~~~~~~^^^^^^^^^^^^^^^^
KeyError: 'branch_point'
