=== C0: INPUT INTEGRITY ===
  ok   pin WALL_KR_CONTRACT_RETARDED_RESULT.json == d916ef32f6f73fa3...
  note input sha WALL_KR_CONTRACT_RETARDED_MANIFEST.json = 7545d02a42980e24...
  ok   pin WALL_KR_TIER3_LOOP_RESULT.json == 4c016e93b889bd04...
  ok   pin WALL_KR_TIER3_IR_CHECK_RESULT.json == a43633f5d34f6895...
  ok   pin WALL_KR_TIER2_MASSLESS_BATH.json == c5d399f525407839...
  note input sha WALL_KR_TIER1_VERTEX_ARTIFACT.json = dfd8d5c203c80b1d...
  ok   pin K_R_CONTRACT_EXECUTION_CHARTER.md == 5416fa45498a6e5f...
  ok   pin K_R_CONTRACT_OWNER_RULING.md == 5d89720b53e1b078...
  ok   pin MICROSCOPIC_TARGET_BENCHMARK.md == f6513b1e551fd9cf...
  ok   pin WALL_A_A3_DECLARATIONS.md == 87e2d24d5be6d679...
  ok   Tier-4 K_R artifact: zero failures on record
  ok   frozen K_R reloaded from the Tier-4 artifact == the committed closed form EXACTLY (anchor gate; plain->assumed symbol maps applied -- the recurring trap, guarded)

=== C1: THE REGISTERED BENCHMARK, AS FROZEN ===
  note C1 target_chain: Sigma(x,x') -> G_R^TT(x,x') -> K_R -> J(omega)
  note C1 question: does the assembled gravitational response naturally produce the low-omega spectral structure the registered model assumes, or a qualitatively different one?
  note C1 axis1: low-omega spectral class: s >= 2 | s <= 1 | NOT-A-POWER-LAW | UNRESOLVED, plus Re chi(0) = (2/pi) int Im chi/omega' domega' computed in every case
  note C1 axis2: analytic character within the declared validity domain (omega << omega_c): PURELY-RELAXATIONAL (Re chi > 0 throughout, no resonance) | RESONANT (Re chi changes sign inside the domain) | INDETERMINATE
  note C1 convergence_table: s=3 (Im chi ~ w^2) converges; s_eff=2 (Im chi ~ w) converges; Ohmic s=1 (Im chi -> const) log divergent; white floor s_eff -> 0 power divergent
  note C1 cell_table: [relaxational x convergent] -> derives what rung7 needs; relaxational content becomes derived; single-pole specifically does NOT | [resonant x any] -> contradicts rung7 no-crossing | [any x divergent] -> class-A was right | [indeterminate x any] -> cannot adjudicate; report which component is missing
  note C1 no_collapse_rule: Do not collapse row 1 into a clean win or clean loss
  note C1 non_power_rule: if the low-omega behaviour is not a power law, report the actual functional form and do not fit an effective exponent -- compute the convergence integral directly
  note C1 live_conflict: register s=3 (flat DOS ~ w^2 => super-Ohmic) vs class-A white floor s_eff -> 0 (horizon-forced); three-way fork (i)/(ii)/(iii) frozen on the artifact face
  note C1 CONSUMED QUANTITIES: both axes are defined on chi(omega) -- the response whose Im gives J via Im chi = J/omega. Matter-stage precedent (frozen J-instrument): chi is evaluated at the KERNEL level; at contract scope the Tier-4 identity K_R = Sigma_R makes chi = -K_R the registered object (chi = -G orientation chain, passivity-checked below). The dressed G_R is NOT consumed by either axis as registered; the resummed object's role (rung3's single-pole anchor) is reported separately. NO required object is missing: chi is constructible from the frozen K_R alone -- PROCEED

=== C2: K_R -> BENCHMARK VARIABLES ===
  ok   MAPPING: Im chi = -Im K_R = +(3/1280 pi) omega^4 + (13/480 pi) H^2 omega^2 > 0 (passivity of the mapped response -- the orientation gate); the REAL local slot does not touch Im chi
  note J_eff(omega) = (3/1280 pi) omega^5 + (13/480 pi) H^2 omega^3 -- recorded BEFORE any comparator is constructed

=== C3: INFRARED CLASS (contract object, declared domain) ===
  ok   GAPLESS: Im chi > 0 for every omega > 0 with Im chi -> 0 as omega -> 0 (no threshold, no gap -- the branch point sits AT omega = 0; qualitatively different from the matter object's 2m gap)
  note fixed-H finite-frequency vs formal omega -> 0 (kept distinct as ordered): at H = 0 EXACTLY, eps_H = 0 and the domain extends to omega -> 0: the flat-slice IR class is unconditional. At fixed H > 0 the truncated expansion terminates at omega ~ H (eps_H <= 0.1 <=> omega/H >= 10.75); NO statement is made below that boundary and nothing is extrapolated

=== C4: s-CLASS (registered family NOT assumed) ===
  ok   H = 0 slice: the log-slope of Im chi is EXACTLY 4 at every omega (a pure power law -- the non-power-law rule is not triggered): s_resp = 4, i.e. J ~ omega^5: the flat contract vacuum is s = 5 in the registered J-convention
  ok   H > 0, in-domain: the log-slope stays in (3.818, 4] across the CONTROLLED band (the H^2 omega^2 component softens the slope toward its s = 3-shape value 2 only OUTSIDE the domain) -- the in-domain response is s >= 2-class at every admissible point
  note MECHANISM (recorded as a finding about the register's rung3 derivation): the rung3 s = 3 came from DOS ~ omega^2 with an assumed coupling weight; the actual TT-TT-TT vertex is two-derivative, contributing omega^4 in |V|^2 on the gapless two-graviton cut -- the microscopic loop produces J ~ omega^5, not omega^3, at flat contract scope. No fit, no repair: the register's anchor row is adjudicated by the computation

=== C5: Re chi(0) CONVERGENCE (registered criterion) ===
  ok   H = 0 slice: Re chi(0) = (2/pi) int_0^WC Im chi/omega domega = 3/(2560 pi^2) -- FINITE, computed exactly, integrand ~ omega^3 at the IR end: CONVERGENT unconditionally (no cutoff exists anywhere in this file)
  ok   H > 0: the in-domain convergence integral (from the controlled boundary omega = 10.75 H to WC) is finite and -> the flat value as H -> 0; the omega < 10.75 H tail is OUT OF SCOPE for the truncation -- reported as a scope boundary, NOT converted into a divergence, a cutoff, or a convergence claim

=== C6: AXIS 2 (Re chi sign / resonance, declared domain) ===
  note Re chi = (3/1280 pi^2) omega^4 log(mu^2/omega^2) + (13/480 pi^2) H^2 omega^2 log(mu^2/omega^2) - [local slot] -- the sign of Re chi inside ANY window is controlled by the UNDETERMINED local constants (mu is absorbable into c4/c2p): choosing c4 large positive or negative flips the sign anywhere. The registered axis-2 test (Re chi > 0 throughout vs sign change) is therefore SCHEME-HOSTAGE at contract scope until D5 fixes the slot
  ok   EXHIBIT: on the reference slice (locals = 0) Re chi crosses zero exactly at omega = mu, and mu is a scheme parameter -- the crossing is movable at will: it is NOT a physical resonance and may not be classified as one
  ok   SCHEME-ROBUST SUBSTATEMENT (all real local choices): Im chi > 0 and monotone (pure positive powers); chi has NO denominator and NO pole; the Tier-4 conditional bound excludes resummed-denominator zeros in-domain -- no RESONANT-class feature (pole/peak robust under the slot) exists in the controlled domain

=== C7: ANALYTIC STRUCTURE ===
  ok   C7 recorded (carried from the pinned Tier-4 artifact + exact recomputation in this file)

=== C8: REGISTERED COMPARATOR (constructed ONLY NOW) ===
  note SEAL ORDER: C1-C7 verdicts are already in the checks list above; the registered family is constructed only from here on, as the COMPARATOR (Declaration-4 pattern; benchmark = the thing under test, never an ingredient)
  note registered family: J = w^3 exp(-w/20), Im chi_reg = w^2 exp(-w/20) (s_J = 3, H-dependence: NONE declared)
  note C8 leading_flat: STRUCTURAL MISMATCH: computed J ~ omega^5 vs registered omega^3 (log-slope 4 vs 2 in Im chi -- measured minus registered = 2.0, far beyond the registered TOL_S = 0.30)
  note C8 curvature_component: the registered POWER re-appears as the O(H^2) component: J superset (13/480 pi) H^2 omega^3 -- same omega^3 shape, but the coefficient is H^2-proportional, which the registered family EXCLUDES ('H_dependence: NONE declared')
  note C8 decision_axis: SAME DECISION-AXIS RESULT: both the computed response and the registered s = 3 sit on the CONVERGENT side of the frozen boundary (the computed one more strongly)
  note C8 taxonomy: same decision-axis result but different analytic form; structural mismatch at leading flat order; comparison fully applicable (no inapplicability claim)
  ok   C8 comparison recorded AFTER the primary classifications; K_R untouched; nothing reinterpreted

=== C9: THE REGISTERED CONSEQUENCE CELL ===
  note C9 axis1: s >= 2 AND CONVERGENT (H = 0 unconditional; H > 0 in-domain with the explicit scope boundary at omega ~ H)
  note C9 axis2: INDETERMINATE (missing component NAMED: the D5 local/renormalization conditions for the Re-sign test)
  note C9 cell_row: row 4 as registered: 'cannot adjudicate; report which component is missing' -- the missing component is D5. The row-1 outcome ('derives what rung7 needs -- relaxational content becomes derived; single-pole specifically does NOT') becomes AVAILABLE, not banked, conditional on D5 giving Re chi > 0 in-window
  note C9 convergence_consequence: the divergent row ('class-A was right') is NOT triggered anywhere in the controlled domain; the white-floor regime itself (omega <~ H, horizon-forced) is OUTSIDE the truncation and remains unadjudicated at contract scope -- exactly where the separate noise-sector fork lives
  note C9 single_pole_consequence: no pole is certified anywhere; the resummed contract object shows no in-domain pole (Tier-4 conditional bound); rung3's single-pole anchor remains underived at contract scope, consistent with the frozen register stance
  note C9 discharges: NOTHING is discharged by this instrument. The +1 was already retired solely by Q1^TT AND Q5^TT (owner-adjudicated); this cell does not touch it. No benchmark row is banked; the conditional row-1 availability is recorded for the owner
  note C9 open_prerequisites: D5 local conditions (axis 2); the omega <~ H regime (white floor / noise-sector fork, owner-held); the amplitude normalization theorem (charter section 3) if an absolute-scale comparison is ever wanted
  ok   consequence cell filled from the contract object ONLY; no collapse of row 1 into win/loss (the registered rule)

=== C10: SCOPE SEPARATION ===
  ok   matter/contract separation stated; no transplant occurred

=== C11: CONTROLS (non-vacuous) ===
  ctrl-DETECTED   #1 wrong IR scaling: an injected omega^2 component drags the low-omega log-slope from 4 toward 2 -- the class reading detects contamination
  ctrl-DETECTED   #2 wrong sign: a flipped Im chi violates the passivity gate (Im chi > 0) -- detected
  ctrl-DETECTED   #3 wrong branch: the advanced (-i pi) completion gives Im chi < 0 -- detected by the same passivity gate
  ctrl-DETECTED   #4 wrong normalization: a doubled kernel fails the Tier-4 anchor identity -- detected
  ctrl-DETECTED   #5 imposed s = 3: forcing the registered exponent against the computed slope leaves residual |4 - 2| = 2.0 >> TOL_S = 0.30 -- the registered tolerance itself rejects the imposition

=== C12: FREEZE ===
  ok   artifact written, re-read, re-hashed identically (sha 5066a828ff5872be...)

CONTRACT BENCHMARK CONSEQUENCE: 28/28 passed; failures: 0
HARD STOP.
