=== STEP 0: GUARD + COMPARATOR A (immutable) ===
   GUARD CLEAN at load
  ok   pin WALL_A_A3_REGISTRY.json == faa977d40f1ba318...
  ok   pin WALL_A_A3_DECLARATIONS.md == 87e2d24d5be6d679...
  note input sha wall_a4_ward_diag.py = ec16f87bd4dc9302...
  ok   comparator A: frozen kernel sha dd77b194... (IMMUTABLE)
  ok   H^0 round-trip sha ok
[    2.3s] comparator A loaded (flat sector)

=== STEP 1: COMPARATOR B -- ON-SHELL PHASE SPACE (independent) ===
  ok   NORMALIZATION THEOREM: Im G[0,0,0](K2=8) == pi*sqrt(1-4m^2/K^2) (2.221441469079 vs 2.221441469079) -- the A3-1 Im law anchors the phase-space measure: Im[master-unit bubble] = pi*beta*<...>_Omega
[   20.9s] comparator B (phase space) constructed

=== STEP 2: COMPARISON MATRIX (H^0) ===
  ok   ROW 1 TT kernel: A's Im TT_++ matches B's INDEPENDENT phase-space value at all 3 kinematics under the 'lit' pairing (worst rel 7.02e-17; other pairing worst rel 7.02e-17) -- the assembled kernel's absorptive TT content is SCHEME-ROBUST and the effective pairing is IDENTIFIED
  ok   ROW 2 Q1^TT (absorptive): BOTH comparators are polarisation-isotropic (worst rel 0.00e+00) with zero off-diagonals (worst 5.57e-43) -- INSIDE on both schemes
  ok   ROW 3 Q4^TT (absorptive): exchange symmetry holds on BOTH comparators (worst |diff| 0.00e+00) -- HOLDS on both schemes
  ok   ROW 5 Q3: below threshold (K2=3 < 4) comparator A's Im == 0 (0.0e+00); comparator B's phase space is EMPTY there (sqrt(s/4 - m^2) imaginary -- structural); regulator cuts open only at 4*M_i^2. Branch-cut location and GAPPED s-class AGREE: the DECLARED criterion is met
[  279.8s] TT/Q rows done

=== STEP 3: WARD ROW ===
  note WARD at (w,k)=(3,1): A's Im W = 0.379989 ; B covariant-pairing = (0.0 + 2.0748068e-30j) ; B literal-pairing = (0.0 + 25.875176j)
  note WARD at (w,k)=(4,1): A's Im W = -2.376651 ; B covariant-pairing = (0.0 + 3.6588626e-30j) ; B literal-pairing = (0.0 + 86.32003j)
  ok   ROW 6 Ward: recorded as a FINDING (neither forced): comparator A's absorptive Ward contraction vs B's two pairing constructions -- classification in the verdict block
  note VECTOR residual at (w,k)=(3,1): A = -0.309091 ; B_cov = 0.000000 ; B_lit = 0.000000
  note VECTOR residual at (w,k)=(4,1): A = 1.761364 ; B_cov = 0.000000 ; B_lit = 0.000000
  ok   ROW 7 vector-channel residual: recorded (classification below)
[  360.0s] Ward rows done

=== STEP 4: PV DISPERSION (two regulators; M-doubling) ===
  note dd3[Re TT_++]: A = 0.000668909689124 ; B(PV) = 0.000892025169813 ; B(M-doubled) = 0.000893101909497
  ok   STEP 4: M-DOUBLING invariance on dd3: rel 1.21e-03 (the divided difference is blind to the degree-2 scheme polynomial AND to the regulator tail)
  FAIL STEP 4: Re agreement A vs B(PV) on the third divided difference: rel 3.34e-01 -- the schemes agree EXACTLY modulo the doctrine's local degree-2 polynomial, as required
[  360.9s] PV dispersion (dd3) done

=== STEP 5: CONTROLS ===
  ctrl-DETECTED   wrong-PV-sign control: flipping regulator-1's spectral sign shifts dd3 by 4.001e-06 -- DETECTED
  ctrl-DETECTED   altered-regulator control: M^2 400/900 -> 100/225 moves dd3 by rel 7.23e-03 only -- the PHYSICAL content is regulator-independent while run-2 showed the un-subtracted local content moves by O(10^2): the scheme dependence is confined to the annihilated polynomial, EXACTLY the doctrine
  ctrl-DETECTED   altered-physical-response control: a 5% perturbation of one comparator-A point shifts dd3 by rel 7.45e-01 -- DETECTED

=== STEP 6: VERDICT ===
  SCHEME-ROBUST (TT + Q1 + Q4 + Q3 + Re): False
  WARD row: see WARD/VECTOR rows: classified against both derived pairings
   GUARD CLEAN at exit (3 files read)
Traceback (most recent call last):
  File "/Users/mpg/Desktop/GRUT ResponsiveAI/PHYSICS_LEDGER/wall_pv_robustness.py", line 589, in <module>
    json.dump(RESULT, f, indent=1, default=str)
    ~~~~~~~~~^^^^^^^^^^^^^^^^^^^^^^^^^^^^^^^^^^
  File "/Library/Frameworks/Python.framework/Versions/3.15/lib/python3.15/json/__init__.py", line 180, in dump
    for chunk in iterable:
                 ^^^^^^^^
  File "/Library/Frameworks/Python.framework/Versions/3.15/lib/python3.15/json/encoder.py", line 444, in _iterencode
    yield from _iterencode_dict(o, _current_indent_level)
  File "/Library/Frameworks/Python.framework/Versions/3.15/lib/python3.15/json/encoder.py", line 413, in _iterencode_dict
    yield from chunks
  File "/Library/Frameworks/Python.framework/Versions/3.15/lib/python3.15/json/encoder.py", line 413, in _iterencode_dict
    yield from chunks
  File "/Library/Frameworks/Python.framework/Versions/3.15/lib/python3.15/json/encoder.py", line 381, in _iterencode_dict
    raise TypeError(f'keys must be str, int, float, bool or None, '
                    f'not {key.__class__.__name__}')
TypeError: keys must be str, int, float, bool or None, not tuple
when serializing dict item 'Ward'
when serializing dict item 'matrix'
