=== PINS (everything read is frozen) ===
  ok   pin WALL_A_A3_DECLARATIONS.md == 87e2d24d5be6d679...
  ok   pin WALL_KR_CONTRACT_RETARDED_RESULT.json == d916ef32f6f73fa3...
  ok   pin WALL_KR_CONTRACT_BENCHMARK_RESULT.json == 1ac17a18ce8c0b8f...
  ok   pin WALL_KR_TIER3_LOOP_RESULT.json == 4c016e93b889bd04...
  ok   pin WALL_KR_TIER2_MASSLESS_BATH.json == c5d399f525407839...
  ok   pin K_R_CONTRACT_EXECUTION_CHARTER.md == 5416fa45498a6e5f...
  ok   pin MICROSCOPIC_TARGET_BENCHMARK.md == f6513b1e551fd9cf...

=== D5-0: THE FROZEN D5 REQUIREMENT ===
  note D5-0 split: Pi_ren = Pi_local^scheme + Pi_nonlocal^invariant; local = polynomial in (omega^2, k^2) with coefficients arbitrary FINITE functions of (m^2, H^2, mu) [F1-amended predicate]; 'Analytic at omega = 0 and k = 0 by construction'
  note D5-0 scheme: 'Primary scheme: de Sitter-invariant dimensional regularisation ... divergences appear as poles in eps and are subtracted by the counterterm basis of DECLARATION 1b'
  note D5-0 condition_F2: 'Renormalisation condition: MINIMAL SUBTRACTION -- pole terms only are subtracted; finite parts of all six basis coefficients are LEFT EXACTLY AS THE LOOP PRODUCES THEM; mu is kept symbolic and its dependence recorded as part of Pi_local^scheme's data. This is the unique condition with ZERO finite-part discretion'
  note D5-0 critical_principle: 'No finite local counterterm may be selected because it produces a preferred spectral or memory behavior' ... 'Any counterterm choice whose justification references spectral density, memory behavior, or convergence class is PROHIBITED and would invalidate the blind'
  note D5-0 basis_1b: 'frozen to the diffeomorphism-invariant local operators of the declared action: cosmological constant Lambda, Newton's constant G (i.e. the EH term), R^2, R_mn^2, R_mnrs^2, and box R. No other operator may enter' -- a non-fitting divergent term is a FINDING
  note D5-0 sensitivity_iii: '(iii) IR analytic structure / convergence class: NO [local sensitivity] for the class: local terms are polynomials in omega -- analytic at omega = 0 -- and cannot change the nonlocal low-frequency analytic class'
  note D5-0 charter_gate_C: 'D5: UV pole reproduction against the frozen counterterm basis; pole-only MS discipline (zero finite discretion -- the frozen doctrine); locality of every subtraction'
  note D5-0 pv_crosscheck: the primary scheme must be run against the Pauli-Villars alternative at the assembly stage; differences confined to local polynomials, reported, never averaged away
  note D5-0 benchmark_unique_slice: the registered benchmark requires the TWO AXES; it does NOT require (and the critical principle FORBIDS obtaining) a local slice chosen for a preferred axis-2 outcome
  ok   D5-0 (recorded statement): the frozen requirement is quoted verbatim; no condition was inferred from any desired outcome
  note DISCLOSED CARVE-OUT (review FINDING 6): this audit byte-reads MICROSCOPIC_TARGET_BENCHMARK.md for hash-pinning only; that file is on the registry's barred list for LOOP-COMPUTING instruments (F5 anti-unblinding). This instrument computes no loop quantity and runs no assembly; the audit-class exemption is hereby DECLARED rather than assumed, for the owner to ratify or strike

=== D5-1: THE UNDETERMINED LOCAL COEFFICIENTS ===
  note the frozen K_R carries FIVE real slot constants (c0, c2, c4, c0p, c2p) plus mu, with mu absorbable into (c4, c2p) -- FIVE effective real unknowns enter Re K_R
  ok   ALL FIVE slot constants enter Re K_R on the axis-2 window (none is silently irrelevant; none is set to zero anywhere in this audit)
  ok   BASIS SPAN (executable): linearized R is IDENTICALLY ZERO on the flat TT wave (transversality + tracelessness) => the R^2 operator's flat TT quadratic kernel is NULL and the omega^4 slot is carried by the Ricci^2/Riemann^2 classes; box R is a total derivative; Lambda -> omega^0, EH -> omega^2. The flat slot {omega^0, omega^2, omega^4} is basis-spanned with nothing beyond omega^4 -- the class statement, now carried by a computation
  note H^2-LINKAGE (CONDITIONAL, review-corrected): 1b constrains where DIVERGENCES must fit; the finite local remainder is basis-expressible only IF the executed scheme's finite parts are covariant -- an assumption of exactly the type F7 forbids drawing from the regulator's symmetry. The linkage of (c0p, c2p) to (c0, c2, c4) is therefore CONDITIONAL on that covariance, to be DEMONSTRATED (not assumed) in the owed execution; nothing in this audit depends on it

=== D5-2: INDEPENDENT CHECKS ===
  ok   UV STATUS of the RECORD: the Tier-2 fixed-omega gate (frozen, pinned) and the T3 general-d ABSORPTIVE closed form (re-limited here: d -> 3 gives exactly -3 omega^4/(1280 pi), no (d-3) pole) are both eps-pole-free -- the pole-only MS step has NOTHING to subtract on the absorptive side. The DIRECT Re-part's d-continuation is NOT yet on record: its pole status is branch (b) of the owed execution (D5-3), NOT asserted here
  ok   Im K_R INVARIANCE: every F1-predicate local term (real polynomial in omega^2 with real (H^2, mu)-dependent coefficients) has ZERO imaginary part -- the frozen absorptive content and the s-classification CANNOT be touched by any admissible local choice (exact, symbolic)
  ok   BRANCH-CUT INVARIANCE: the local slot is analytic at omega = 0 (all derivatives finite) -- it cannot generate, move, or cancel the omega = 0 branch point (the frozen sensitivity map's row (iii), verified executably)
  ok   flat limit and dimensional consistency of the slot against the F1 predicate (even powers only; H^2-coefficients allowed)
  ok   K_R NOT MODIFIED: the object this audit reasons about is byte-identical in content to the frozen Tier-4 artifact (anchor identity, exact)

=== D5-3: IDENTIFIABILITY ===
  note THE DETERMINATION, from the frozen texts -- CORRECTED BY THE ADVERSARIAL REVIEW (the first draft classified A/UNIQUE and the review REFUTED it on the scheme level; the refutation is adopted): TWO transfers must be distinguished. (1) THE DOCTRINE -- pole-only MS, finite parts as-the-loop-produces-them, zero finite discretion, the 1b basis, the critical principle -- imports to contract scope AIRTIGHT (charter Step 2 'frozen contract', Step 3, gate C verbatim). NO discretion over the constants exists at any scope. (2) THE SCHEME -- Declaration 1 declares d = 4 - eps SPACETIME dS-invariant dimensional regularisation; the contract machinery's actual regulator is the fixed-omega SPATIAL d = 3 - 2 eps continuation, installed by the SEPARATE Tier-2 D3/Option-3a owner ruling. These are inequivalent regularizations, and MS finite parts are exactly what differs between inequivalent regulators by local polynomials -- the very objects under audit. The record's own precedent (D3 itself) is that extending a scheme onto this machinery is a FRESH OWNER DECLARATION. Moreover the declared scheme's defining property (dS invariance of the regulated graviton two-point function) is not known to be realizable (charter Step 1 leaves gauge/measure (ii) owner-underdefined; the cited Tsamis-Woodard class is the literature disputing it). AND: the H^2 branch of any direct execution runs into the T3-fenced fork sector -- branch (c) of the dichotomy, which the first draft omitted; the flat (H^0) branch does not (T3: H^0 clean, both combinations).
  note D5-3 classification: SPLIT VERDICT (review-corrected). DOCTRINE: UNIQUE -- zero finite-part discretion binds at contract scope; no constant may ever be chosen. SCHEME: **D at the scheme level** -- a SCHEME-COMPLETION RULING is required before the determination is well-posed, because the frozen record contains two inequivalent candidate regulators and is silent on which governs the contract-scope local extraction. This new input is a RULING about regularization, not a spectral choice -- the critical principle continues to bar any outcome-referencing justification
  note D5-3 owner_menu: (alpha) declare Declaration-1's spacetime scheme binding at contract scope -- requires first resolving its graviton-level realizability (gauge/measure (ii)); (beta) extend the D3 spatial-continuation ruling to the direct Re/local part -- the one-line continuation of the already-ruled machinery; (gamma) rule the identification contentless PENDING an executed scheme-independence demonstration (the frozen PV cross-check pattern). Any of the three is an OWNER DECLARATION per the record's own D3 precedent
  note D5-3 owed_execution_after_ruling: the direct (non-dispersive) evaluation of the local/Re part of the frozen T3 kernel in the RULED scheme: H^0 branch unobstructed (T3: flat sector clean); the H^2 branch additionally requires either a demonstrated UV/IR separation from the T3-fenced fork class or the owner's fork ruling -- branch (c), on the record
  note D5-3 not_A_asis: the first draft's A/UNIQUE assumed the two schemes equivalent without derivation -- REFUTED by review; A-in-doctrine survives, A-as-posed does not
  note D5-3 not_B: no combination is contract-FREE -- the doctrine forbids discretion; B does not apply
  note D5-3 not_C: the contract is not silent about the CONDITIONS (it is maximally explicit); it is silent about the SCHEME REALIZATION -- that silence is classified under D as a required ruling, not under C
  ok   IDENTIFIABILITY (recorded statement, not a failable gate -- disclosed as such): SPLIT VERDICT -- doctrine UNIQUE / scheme-completion RULING REQUIRED (D at the scheme level), with the owner menu and the fork-gated H^2 branch on the record; nothing was chosen and no value was produced here

=== D5-4: AXIS-2 DEPENDENCY (no verdict collapse) ===
  note Re chi(omega) = [nonlocal logs, coefficients FROZEN] - [the five-constant slot]. Dependency structure, exact:
  note D5-4 invariant_1: NO kernel-level pole for ANY slot values (chi has no denominator; locals are entire) -- exact
  note D5-4 invariant_2: Im chi, the branch point, the cut, the s-class, and the axis-1 convergence verdict are slot-invariant (D5-2 gates above)
  note D5-4 invariant_3: the log coefficients (3/1280 pi^2 at omega^4, 13/480 pi^2 H^2 at omega^2) are slot-invariant (the 5th/3rd polynomial-free derivatives)
  note D5-4 dependent_1: the pointwise SIGN of Re chi on the registered window -- the axis-2 discriminator -- depends on the slot: the consequence-stage review exhibited BOTH registered outcomes (Re chi > 0 throughout; an in-window sign change) as reachable over the unrestricted slot, and the basis restriction does not remove the quartic-class freedom pre-execution
  note D5-4 dependent_2: whether the dressed object's omega = 0 graviton pole persists (c0 = 0 or not) -- determined by the same owed execution
  note CONSEQUENCE (stated without collapsing): before the owed execution, neither 'pole possible for all allowed choices' nor 'no pole possible for all allowed choices' holds at the dressed level, and the axis-2 sign test is undetermined; AFTER the owed execution the slot is unique numbers and axis 2 becomes a DEFINITE evaluation. Axis 2 is therefore DECIDABLE BY COMPUTATION under the frozen contract -- not by choice, not by new input. 'Depends on D5' is hereby converted into 'awaits the named D5 execution', which is a schedulable step, not a verdict
  ok   D5-4 (recorded statement): dependency map recorded; no axis-2 verdict was emitted

=== D5-5: CONTROLS ===
  ctrl-DETECTED   #1 wrong subtraction: an omega^3 term violates the F1 locality predicate (odd power) and is REJECTED by the classifier -- it may not be subtracted
  ctrl-DETECTED   #2 wrong finite-local constant: injecting a unit omega^4 shift breaks the frozen Tier-4 anchor identity -- any modification of K_R is DETECTED
  ctrl-DETECTED   #3 accidental Im-part alteration: a complex 'local' term fails the reality requirement of the F1 predicate -- REJECTED (no admissible local can touch Im K_R)
  ctrl-DETECTED   #4 normalization corruption: a doubled kernel fails the anchor identity -- DETECTED
  ctrl-DETECTED   #5 (positive control) genuine basis-class locals PASS the F1 classifier -- the predicate is not vacuously rejecting everything
  ctrl-DETECTED   #6 basis overflow: omega^6 is F1-local but EXCEEDS the 1b span -- flagged as the FINDING class 1b demands (review FINDING 5: the overflow hole is now covered)
  ctrl-DETECTED   #7 non-finite coefficient: an omega^2/H^2 term violates the F1 finiteness requirement -- REJECTED (review FINDING 5: the finiteness hole is now covered)

=== FREEZE ===
  ok   artifact written, re-read, re-hashed (sha 071eb0470f969d46...); K_R modification flag is FALSE on the record

D5 AUDIT: 25/25 passed; failures: 0
HARD STOP.
