=== 1/9: FROZEN INPUT INTEGRITY (pre-run) ===
  note input sha WALL_KR_TIER1_VERTEX_ARTIFACT.json = dfd8d5c203c80b1d...
  ok   pin WALL_KR_TIER2_MASSLESS_BATH.json == c5d399f525407839...
  ok   pin WALL_KR_TIER3_LOOP_RESULT.json == 4c016e93b889bd04...
  ok   pin WALL_KR_TIER3_IR_CHECK_RESULT.json == a43633f5d34f6895...
  ok   pin WALL_KR_CONTRACT_RETARDED_RESULT.json == d916ef32f6f73fa3...
  note input sha WALL_KR_D5_EXECUTION_RESULT.json = b60cecc2f7d356f7...
  note input sha WALL_KR_H0_PARAMETER_LEDGER_RESULT.json = 8f4adb633fbe44ad...
  ok   pin WALL_A_A3_DECLARATIONS.md == 87e2d24d5be6d679...
  ok   FROZEN H^2 NONLOCAL INPUT loaded unchanged: Im Sigma_R^{H2} = -13 omega^2/(480 pi) (per H^2) -- read from the frozen artifact, NOT refitted

=== 16: PROHIBITED-SOURCE FIREWALL ===
  ok   no Axis-2 output, benchmark artifact, J(omega) instrument or plant is read (read-set intersected with the prohibited set is empty)
  ok   no spectral-outcome token in this instrument's source
  ctrl-DETECTED   outcome-token scanner has teeth (runtime-assembled sentinel is detected)

=== 2: THE REGISTERED H^2 LOCAL SLOT (located, not invented) ===
  note frozen Tier-4 local_slot: c0 + c2 omega^2 + c4 omega^4 + H^2(c0p + c2p omega^2), REAL, UNDETERMINED (D5/scheme; frozen renormalization conditions deferred); mu symbolic (absorbable into c4/c2p)
  ok   the registered H^2 local slot is EXACTLY H^2 (c0p + c2p omega^2) -- notation preserved, and NO c4p or other operator is added
  note POWER COUNTING (the reason for that slot): the H^2 direct response is scale-free in omega, so it carries the single power omega^(d-1) (at d = 3: omega^2). An F1-local partner is an even polynomial in omega with H^2 coefficients; at this order the admissible entries are omega^0 and omega^2, i.e. exactly (c0p, c2p)

=== 3/4: OPTION-BETA CONTINUATION, H^2 DIRECT STRUCTURE ===
  note Option-beta inherited verbatim from D5: spatial continuation d = 3 - 2 eps (from D3/Option-3a), pole-only MS, NO new IR scale, NO new regulator freedom, and NO scheme choice taken from any outcome. Option alpha is NOT reopened
  ok   the frozen H^2 cone extraction is COMPLETE (no stray phases) -- the input to this stage is the certified Tier-3 object
  ok   H^2 radial term inventory built from the frozen cone: 10 terms

=== 7: IR FIREWALL (the fork) ===
  note ROUTE A (analytic): each radial master converges only for 0 < Re a < n+1; a <= 0 is the IR end, a >= n+1 the UV end
  note   Delta^0 q^0 -> a(d=3) = 3, strip (0, 1) : UV
  note   Delta^0 q^-1 -> a(d=3) = 2, strip (0, 1) : UV
  note   Delta^0 q^-2 -> a(d=3) = 1, strip (0, 1) : UV
  note   Delta^0 q^-3 -> a(d=3) = 0, strip (0, 1) : IR
  note   Delta^0 q^-4 -> a(d=3) = -1, strip (0, 1) : IR
  note   Delta^1 q^1 -> a(d=3) = 4, strip (0, 2) : UV
  note   Delta^1 q^0 -> a(d=3) = 3, strip (0, 2) : UV
  note   Delta^1 q^-1 -> a(d=3) = 2, strip (0, 2) : UV
  note   Delta^1 q^-2 -> a(d=3) = 1, strip (0, 2) : convergent
  note   Delta^1 q^-3 -> a(d=3) = 0, strip (0, 2) : IR
  ok   classification executed on all 10 terms: 3 IR-origin, 6 UV-origin, 1 convergent

--- ROUTE B: numeric small-q cutoff ladder (independent) ---
  note   delta = 1e-2 -> int_delta^0.4 = 27.0169374
  note   delta = 1e-3 -> int_delta^0.4 = 289.621589
  note   delta = 1e-4 -> int_delta^0.4 = 2924.984125
  note   delta = 1e-5 -> int_delta^0.4 = 29287.94645
  ok   ROUTE B CONFIRMS ROUTE A: the H^2 radial integral at d = 3 DIVERGES as the small-q cutoff falls (|I| grows by a factor 1.08e+03 from delta = 1e-2 to 1e-5) -- the IR end genuinely contributes, demonstrated numerically and not merely inferred from power counting
  ctrl-DETECTED   IR-detector teeth: an IR-FINITE surrogate integrand shows NO such growth under the same ladder -- the detector responds to the divergence, not to shrinking the interval

=== 6: POLE ORIGIN vs THE FROZEN BASIS ===
  ok   DECISIVE: 3 radial terms have IR-origin poles at d = 3 (a = [-1, 0]). MS pole-only subtraction against the frozen 1b counterterm basis is licensed for UV poles ONLY; an IR-origin 1/(d-3) cannot be absorbed by a local counterterm
  note the UV-origin poles (a = [1, 2, 3, 4]) DO map onto the registered curvature/local class; no operator outside the frozen basis is required for them -- the obstruction is not a basis deficiency
  note SEPARATION HELD (owner's section 7): this is the RETARDED LOCAL sector. The noise alpha = -2 result was NOT imported and plays no role; the divergence found here is a property of the RETARDED radial integrand itself

=== 8/12/13: VERDICT ===
  note VERDICT code: H2-B
  note VERDICT text: H^2 local coefficients NOT uniquely determined: a registered scheme/IR ambiguity remains
  note VERDICT reason: the H^2 direct radial integral requires the IR region: 3 of its terms have master exponent a <= 0 at d = 3 (q^-3 and q^-4 structures), so the 1/(d-3) poles are IR-CONTAMINATED. Pole-only MS is licensed for UV poles only; subtracting an IR-origin pole with a local counterterm would be exactly the illegitimate move the frozen record forbids
  note VERDICT fork_status: the REGISTERED IR-scale condition is ENCOUNTERED. No scale was invented; no dimensional-regularization interpretation was manufactured for an IR divergence; the stage STOPS here pending the owner's fork decision
  note VERDICT not_H2_A: H^2 locals were NOT determined -- and were not forced
  note VERDICT not_H2_C: no structural inconsistency and no unregistered operator: the UV-origin poles fit the frozen basis; the obstruction is the IR condition, which the record already anticipated and registered
  ok   PARAMETER COUNT: H^0 stays at exactly ONE (Lambda_R); H^2 adds NOTHING because nothing was demonstrated -- the sector stays fork-gated and outside the count

=== 10: CONTROLS ===
  ctrl-DETECTED   A. wrong-evanescent/projector: freezing the projector algebra at d = 3 while continuing the measure changes the radial structure (q-powers [-4, -3, -2, -1, 0, 1] vs [-4, -3, -2, -1, 0, 1]) -- the inconsistent continuation is visible to the inventory
  ctrl-DETECTED   B. wrong-local-reference: a 10%% perturbation of the frozen H^2 nonlocal reference is caught by the comparison against the artifact value
  ctrl-DETECTED   C. wrong-subtraction: a local counterterm cannot remove the cutoff dependence demonstrated in Route B -- any 'MS' finite part extracted here would still depend on the IR cutoff, which is precisely why the fork fires

=== 9/17: FROZEN-INPUT INTEGRITY (post-run) ===
  ok   every frozen upstream artifact BYTE-IDENTICAL to its pre-run hash (Tier-1..4, D5, the H^0 ledger, the declarations)
  ok   register provenance/claims.json byte-identical -- untouched
  ok   H^0 absorptive coefficient A unchanged; H^2 log coefficient and Im Sigma_R^{H2} unchanged; Tier-4 branch structure untouched
  note files added/changed: ?? .h2_cone.json | ?? h2_cone_extract.log | ?? wall_kr_h2_fork_run1.log | ?? wall_kr_h2_local_fork.py
  ok   artifact written and re-read (sha 29893751a5578895...)

H^2 LOCAL FORK: 24/24 passed; failures: 0
VERDICT: H2-B
HARD STOP.
