=== T3-0: INPUT INTEGRITY ===
  note input sha WALL_KR_TIER1_VERTEX_ARTIFACT.json = dfd8d5c203c80b1d...
  ok   pin WALL_KR_TIER2_MASSLESS_BATH.json == c5d399f525407839...
  ok   pin wall_kr_tier2_massless_bath.py == 546df0d90ac5c62f...
  note input sha Sigma_R_finite_full.json = eb6e685ca0164d30...
  note input sha WALL_A3_4_TT_RESULT.json = 8c27eeb3ecd235bc...
  note input sha WALL_A4_RESPONSE_DRESSED_RESULT.json = d430e7b743be2054...
  note input sha WALL_PV_ROBUSTNESS_RESULT.json = 71dc569cd18dcf3d...
  ok   pin K_R_CONTRACT_OWNER_RULING.md == 5d89720b53e1b078...
  ok   pin K_R_CONTRACT_EXECUTION_CHARTER.md == 5416fa45498a6e5f...
  ok   Tier-1 vertex artifact: sha 0152c777..., 26032 dS terms
  ok   Tier-2 bath: zero failures on record
  ok   Tier-1 dS cache Lambda = -3H^2

  T3-2 DEPENDENCY GRAPH:
    [Tier-1 dS cubic vertex, sector (1,2,3), 26032 terms, per 1/(2 kappa^2)]
        --e1 -> external TT probe (k_ext = 0 evaluation point of the D1
                controlled limit; isotropy gate executed: pol + direction);
          e2,e3 -> internal TT bath slots (time rows -> 0);
          p1 = (omega,0,0,0); p2 = (nu1, q n^hat); p3 = (nu2, -q n^hat)-->
    [C-matrices: 6x6 spatial-pair bilinear coefficients, H-graded, cached]
        x
    [Tier-2 bath kernels W+(q;u,u') = (kappa^2/q) e^{-iq(u-u')} x
     ((1-Hu)(1-Hu') + i H^2 (u-u')/q + H^2/q^2), EXACT thru O(H^2);
     tensor rule <h h> = P^TT x W (frozen declaration)]
        --nu^a -> (-i d/du)^a on the W arguments (phase-stripped ops)-->
    [Sigma_>(u,u';q,n^hat) = (1/(2kappa^2))^2 (1/2) C1.C2 : P^TT P^TT : WW]
        --angular average (exact monomial moments, d symbolic)-->
    [radial integrand] --T3-1 FORK GATE (small-q class, PER SECTOR)-->
    [cone rep: delta^(n)(omega - 2q) support] --> [Im Sigma_R(omega) closed
     form per sector] --> [UV/finite separation; Ward diagnostic; controls]


=== STAGE reduce: VERTEX -> C-MATRICES (H-graded, cached) ===
[   20.7s] dS cubic sector loaded: 26032 terms
[   23.8s] config plus_z reduced: 10/36 nonzero C entries (3.1s)
  ok   [plus_z] reduced vertex is EXACTLY bilinear in the spatial internal slots (reconstruction closes)
[   26.6s] config cross_z reduced: 8/36 nonzero C entries (2.5s)
  ok   [cross_z] reduced vertex is EXACTLY bilinear in the spatial internal slots (reconstruction closes)
[   29.8s] config plus_x reduced: 10/36 nonzero C entries (2.9s)
  ok   [plus_x] reduced vertex is EXACTLY bilinear in the spatial internal slots (reconstruction closes)
[   34.7s] config ward reduced: 36/36 nonzero C entries (4.5s)
  ok   [ward] reduced vertex is EXACTLY bilinear in the spatial internal slots (reconstruction closes)
  ok   H^0 C-matrices from the dS cache == C-matrices from the INDEPENDENT Tier-1 flat cache (two frozen files, one answer)
  ok   internal-slot exchange symmetry of the C-matrices (G5 inherited: (ab,nu1,q) <-> (cd,nu2,-q))
[   40.4s] C-matrix cache written

TIER 3 stage 'reduce': 13/13 passed; failures: 0
