=== STEP 0: GUARD + PINS ===
   GUARD CLEAN (J(omega)/plant content nowhere in this construction)
  ok   frozen kernel sha dd77b194... (IMMUTABLE input)
  note charter sha K_R_OWNER_CHARTER.md = 49f94a7ca4304e70...
  note charter sha K_R_CHARTER_AUDIT.md = 8dec81238388e85b...
  ok   H^0 round-trip sha ok
[    2.4s] frozen chi built (full MS-fixed response; master units)

=== STEP 1: THE OMEGA-ONLY OBJECT (controlled k -> 0) ===
  note chi0(omega) = symbolic k->0 of the frozen TT_++/P2 bilinear; 1 atom instances; K^2 -> omega^2 exactly
  ok   controlled limit at omega=0.7: k-sequence (1/2,1/4,1/8) Richardson == symbolic k->0 (rel 2.29e-05); the limit is CHECKED, not assumed
  ok   controlled limit at omega=1.5: k-sequence (1/2,1/4,1/8) Richardson == symbolic k->0 (rel 1.98e-05); the limit is CHECKED, not assumed
  ok   tiny-k spot check (k = 1/32) agrees with the symbolic limit (rel 2.25e-04)
Traceback (most recent call last):
  File "/Users/mpg/Desktop/GRUT ResponsiveAI/PHYSICS_LEDGER/wall_kr_matter.py", line 247, in <module>
    iso = abs(chi0(mp.mpf("2.25")) - mp.mpc(complex(sp.N(
                                            ~~~~~~~^^^^^^
        chi0_xx.subs({om: sp.Rational(3, 2), mm: 1, muS: 1, kap: KAPN}).subs(
        ^^^^^^^^^^^^^^^^^^^^^^^^^^^^^^^^^^^^^^^^^^^^^^^^^^^^^^^^^^^^^^^^^^^^^
    ...<5 lines>...
               mp.mpc("2.25"))), 25), 25) * sp.I
               ^^^^^^^^^^^^^^^^^^^^^^^^^^^^^^^^^
             for A in chi0_xx.atoms(Gfun, Rfun)}), 25))))
             ^^^^^^^^^^^^^^^^^^^^^^^^^^^^^^^^^^^^^^^^^^
  File "/Library/Frameworks/Python.framework/Versions/3.15/lib/python3.15/site-packages/sympy/core/expr.py", line 380, in __complex__
    return complex(float(re), float(im))
                   ~~~~~^^^^
  File "/Library/Frameworks/Python.framework/Versions/3.15/lib/python3.15/site-packages/sympy/core/expr.py", line 375, in __float__
    raise TypeError("Cannot convert expression to float")
TypeError: Cannot convert expression to float
