=== A4-0 (II): GUARD + PINS ===
   GUARD CLEAN at load
  ok   pin WALL_A_A3_REGISTRY.json == faa977d40f1ba318...
  ok   pin wall_a_a4_dual_gauge.py == 03cc6bcc0fec0c13...
  note recorded sha wall_a4_response_flat.py = 9842507e06b560cc...
  ok   frozen kernel sha == dd77b194...
  ok   Phase I result loaded: same kernel, 0 failures (route-B flat Q1 INSIDE)

=== LOAD ===
  ok   H^0 round-trip sha ok (0512f44138923976...)
  ok   H^1 round-trip sha ok (cae4501341b724b9...)
  ok   H^2 round-trip sha ok (474d684f557b4093...)
[   82.3s] sectors loaded

=== STEP 1: DRESSED ORBIT FROM THE EXACT CHART ===
  ok   chart gate: a = 1 + Hu + H^2u^2 reproduces the engine's Section-D a^2 = 1 + 2Hu + 3H^2u^2 through O(H^2)
  ok   orbit gate: a'/a = H + H^2 u + O(H^3) (DERIVED from the chart)
  note orbit split through O(H^2): de^0 = i(KX + XK); de^1 = 2 X_0 eta [u-free]; de^2u = 2 u X_0 eta [u-CARRYING -- pure trace; demands a loop u-moment; TT-irrelevant by the trace-cancellation theorem below; recorded as the single non-TT O(H^2) scope boundary]

=== STEP 2: TRACE-CANCELLATION (TT blindness at ALL orders) ===
  ok   theorem gate: K-direction de^0 has ZERO TT amplitudes ((e11-e22)/2 and e12) for GENERAL X
  ok   theorem gate: eta-direction de^1 has ZERO TT amplitudes ((e11-e22)/2 and e12) for GENERAL X
  note => the orbit cannot move ANY TT amplitude at ANY order in H (K-terms cannot reach the transverse block; eta-terms shift e11 and e22 equally and cancel in the traceless combination; the u-carrying term is eta-direction too). Route-B TT == route-A TT as an OPERATOR IDENTITY through O(H^2); the A3-4 TT verdicts (Q1 INSIDE / Q4 HOLDS / Q5 INSIDE) are therefore GAUGE-ROBUST at every adjudicated order, by proof rather than re-evaluation. Comparison evidence, not imposition: the identity was derived from the countersigned orbit, not from A3-4.

=== STEP 3: SYNCHRONOUS SOLVER AT O(H) ===
  ok   dressed solver: the synchronous conditions determine X order-by-order in H uniquely at generic (omega,k) (O(H^0) and O(H^1) solved; the residual family remains zero-frequency, empty here)
[   82.5s] dressed solver done

=== STEP 4: ORBIT CONTRACTION AT O(H): W1 = SEC1(de0) + SEC0(de1) ===
  ok   W1 nonlocal orbit contraction at O(H): NONZERO (2487 terms) -- same class as the flat Finding 1; classified below, NOT repaired
  ok   W1: orbit-sensitive nonlocal content does NOT reach the TT channel at O(H) (TT contractions: all zero)
[   96.0s] O(H) orbit contraction done

=== STEP 5: O(H^2) u-FREE PART: W2 = SEC2(de0) + SEC1(de1) ===
  ok   W2 (u-free): orbit-sensitive nonlocal content does NOT reach the TT channel at O(H^2) (TT contractions: all zero)
  ok   W2 (u-free) nonlocal orbit contraction at O(H^2): NONZERO (8675 terms), non-TT only; the u-CARRYING remainder (2u X_0 eta) is pure trace, TT-irrelevant, and requires a loop u-moment -- RECORDED as the declared scope boundary of the non-TT Ward bookkeeping
[  151.0s] O(H^2) u-free orbit contraction done

=== STEP 6: CONTROLS ===
  ctrl-DETECTED   broken dressing (2 -> 3 in de^1) CHANGES the orbit contraction (the a'/a coefficient is load-bearing, not decorative)
  ctrl-DETECTED   dressed pure-gauge injection moves NO TT amplitude (trace-cancellation holds on the numeric injection too)

=== STEP 7: OUTPUT ===
   GUARD CLEAN at exit (4 files read)

================ SUMMARY (A4 PHASE II) ================
  TT robustness: OPERATOR IDENTITY through O(H^2)
  W1 nonlocal zero: False ; reaches TT: []
  W2 u-free nonlocal terms: 8675 ; reaches TT: []
gates: 18/18 passed; failures: 0
elapsed: 151.7s
