=== early-time asymptotics: alpha_M = c a^n, alpha_B = b a^n, delta = R - 1 = -(c/n) a^n ===
  leading-order condition: (b**2*n - 2*b*c - 4*c**2)/n = 0  ->  b = [c*(1 - sqrt(4*n + 1))/n, c*(sqrt(4*n + 1) + 1)/n]
  n=3: b/c = [-0.8685170918213297, 1.5351837584879964]  (No Slip has b/c = -2, Only Run b/c = 0: both are distinct)
  n=1: b/c = [-1.2360679774997898, 3.23606797749979]  (No Slip has b/c = -2, Only Run b/c = 0: both are distinct)
  n=3, b=c*(1 - sqrt(13))/3: leading N/a^n = c*(23 - 5*sqrt(13))/6  -> stable iff c > 0
  n=3, b=c*(1 + sqrt(13))/3: leading N/a^n = c*(5*sqrt(13) + 23)/6  -> stable iff c > 0

  c_M=0.1, branch b/c=-0.869: solver status 0
    max|2Sigma-mu-1| = 8.9e-16   min N (needs > 0) = +2.762e-07   z=0: alpha_M=0.100 alpha_B=-0.121 R=0.9443 mu-1=-0.0922 Sigma-1=-0.0461
      a=0.10: alpha_B/alpha_M=-0.869  mu-1=-0.00025  Sigma-1=-0.00013  N=+0.0003
      a=0.50: alpha_B/alpha_M=-0.943  mu-1=-0.02575  Sigma-1=-0.01287  N=+0.0212
      a=1.00: alpha_B/alpha_M=-1.209  mu-1=-0.09218  Sigma-1=-0.04609  N=+0.0235

  c_M=0.1, branch b/c=+1.535: solver status -1
    max|2Sigma-mu-1| = 6.7e-16   min N (needs > 0) = -1.879e+129   z=0: alpha_M=0.100 alpha_B=+61296588328598670001458669129290727035019518230081624585260761088.000 R=-12337061249836371489880801280.0000 mu-1=+0.0000 Sigma-1=+0.0000
      a=0.10: alpha_B/alpha_M=+1.544  mu-1=+0.00014  Sigma-1=+0.00007  N=+0.0022
      a=0.50: alpha_B/alpha_M=+88149760916141237457741155152389711219261314304237497590218752.000  mu-1=+0.00000  Sigma-1=+0.00000  N=-4054903351844403439645118463933457601124448594756080898912684878440869040004662742927910235598223916770893068252286550016.0000
      a=1.00: alpha_B/alpha_M=+612965883285986746782639085881800652868109829221872874842448986112.000  mu-1=+0.00000  Sigma-1=+0.00000  N=-1878635870362849250829874532686507600653906942053216534943658756293207488249742800017208019633599729533000098056034733155187425280.0000

  c_M=0.3, branch b/c=-0.869: solver status 0
    max|2Sigma-mu-1| = 8.9e-16   min N (needs > 0) = +8.287e-07   z=0: alpha_M=0.300 alpha_B=-0.367 R=0.8420 mu-1=-0.2587 Sigma-1=-0.1293
      a=0.10: alpha_B/alpha_M=-0.869  mu-1=-0.00075  Sigma-1=-0.00038  N=+0.0008
      a=0.50: alpha_B/alpha_M=-0.945  mu-1=-0.07608  Sigma-1=-0.03804  N=+0.0643
      a=1.00: alpha_B/alpha_M=-1.222  mu-1=-0.25867  Sigma-1=-0.12934  N=+0.0792

  c_M=0.3, branch b/c=+1.535: solver status -1
    max|2Sigma-mu-1| = 8.9e-16   min N (needs > 0) = -2.664e+130   z=0: alpha_M=0.300 alpha_B=+230814215292823861881451289628868908532994618497425007201738555392.000 R=37301890847495344820427161600.0000 mu-1=+0.0000 Sigma-1=+0.0000
      a=0.10: alpha_B/alpha_M=+1.548  mu-1=+0.00042  Sigma-1=+0.00021  N=+0.0068
      a=0.50: alpha_B/alpha_M=+4970466542067021428406697638639302477671899894326715198107287552.000  mu-1=+0.00000  Sigma-1=+0.00000  N=-116031270815655044226714455279336475438224335993319284190352713412145731725644687243997586228625740133570239326694881410154496.0000
      a=1.00: alpha_B/alpha_M=+769380717642746206271504298762896361776648728324750024005795184640.000  mu-1=+0.00000  Sigma-1=+0.00000  N=-26637600990621022233232166567089208454449871023584783664599704485623293872862973351940531109422218452518873935159094709897773711360.0000

=== attractor test: perturb the initial alpha_B by +-5% (branch with b/c > 0, c_M = 0.3) ===
  pert +0.05: status 0; alpha_B(z=0) = -0.3665 vs -0.3665; max|2Sigma-mu-1| = 6.7e-16
  pert -0.05: status 0; alpha_B(z=0) = -0.3665 vs -0.3665; max|2Sigma-mu-1| = 6.7e-16
  (K1 holds identically along ANY solution of the constraint ODE: a one-parameter family per alpha_M history)
