{
 "controls": {
  "A_aaa_max_abs_by_rule": {
   "A_h0.08": 2.6911806116913795e-13,
   "A_h0.06": 8.881784197001252e-16,
   "A_GH192": 3.969355304223043e-06
  },
  "marginal_only_control_max_abs_A": 1.7763568394002505e-15,
  "parity_cov_x0_y1_max": 3.719538865573477e-16,
  "stationarity_maxdev_by_rule": {
   "A_h0.08": 1.4077627952246985e-13,
   "A_h0.06": 2.7755575615628914e-16,
   "A_GH192": 1.1911394429686695e-06
  },
  "gibbs_m2_plus_m4_minus_1": {
   "A_h0.08": 0.0,
   "A_h0.06": -2.220446049250313e-16,
   "A_GH192": 8.348877145181177e-14
  },
  "harmonic_control": {
   "max_abs_K": 1.2656542480726785e-14,
   "max_abs_C2": 1.5987211554602254e-14
  },
  "K_recomputed_vs_archived_K_A06_maxdev": 3.3306690738754696e-16
 },
 "reading_P1": [
  "ESCAPE-ODD",
  "ESCAPE-EVEN"
 ],
 "reading_P2": [
  "ESCAPE-ODD",
  "ESCAPE-EVEN"
 ]
}
