component        proto   K_A(h=.06)        K_A(h=.08)        K_B_R(h=.08)      K_B_R(h=.12)      GH192          criterion  sign
(pi,pi,pi)       P1  -1.4878490026e-01 -1.4878490026e-01 -1.4878490026e-01 -1.4878490026e-01 -1.488e-01  True   -
(pi,pi,3pi/2)    P1  -4.4326389180e-02 -4.4326389180e-02 -4.4326389180e-02 -4.4326389189e-02 -4.432e-02  True   -
(pi,pi,2pi)      P1  -2.8614321591e-02 -2.8614321591e-02 -2.8614321591e-02 -2.8614321628e-02 -2.861e-02  True   -
(pi,3pi/2,3pi/2) P1   6.8943717724e-02  6.8943717724e-02  6.8943717724e-02  6.8943717809e-02  6.893e-02  True   +
(pi,3pi/2,2pi)   P1   8.5960463261e-02  8.5960463261e-02  8.5960463261e-02  8.5960462726e-02  8.593e-02  True   +
(pi,2pi,2pi)     P1  -1.2240519618e-01 -1.2240519618e-01 -1.2240519618e-01 -1.2240519503e-01 -1.224e-01  True   -
(3pi/2,3pi/2,3pi/2) P1  -2.4181325674e-01 -2.4181325674e-01 -2.4181325674e-01 -2.4181325722e-01 -2.418e-01  True   -
(3pi/2,3pi/2,2pi) P1   1.2598511679e-01  1.2598511679e-01  1.2598511679e-01  1.2598511879e-01  1.261e-01  True   +
(3pi/2,2pi,2pi)  P1  -9.5788716535e-02 -9.5788716538e-02 -9.5788716538e-02 -9.5788714345e-02 -9.562e-02  True   -
(2pi,2pi,2pi)    P1   5.6502557836e-03  5.6502557958e-03  5.6502557965e-03  5.6501688506e-03  4.991e-03  True   +
(pi,pi,pi)       P2  -1.4878490026e-01 -1.4878490026e-01 -1.4878490026e-01 -1.4878490026e-01 -1.488e-01  True   -
(pi,pi,3pi/2)    P2  -4.4469637037e-02 -4.4469637037e-02 -4.4469637036e-02 -4.4469637045e-02 -4.447e-02  True   -
(pi,pi,2pi)      P2  -1.1718636931e-01 -1.1718636931e-01 -1.1718636931e-01 -1.1718637077e-01 -1.172e-01  True   -
(pi,3pi/2,3pi/2) P2   7.0897249290e-02  7.0897249290e-02  7.0897249290e-02  7.0897249370e-02  7.089e-02  True   +
(pi,3pi/2,2pi)   P2   1.4047053801e-01  1.4047053801e-01  1.4047053801e-01  1.4047054011e-01  1.405e-01  True   +
(pi,2pi,2pi)     P2  -1.2335677277e-01 -1.2335677277e-01 -1.2335677277e-01 -1.2335678454e-01 -1.233e-01  True   -
(3pi/2,3pi/2,3pi/2) P2  -2.4953225900e-01 -2.4953225900e-01 -2.4953225900e-01 -2.4953225945e-01 -2.495e-01  True   -
(3pi/2,3pi/2,2pi) P2   9.8260845832e-02  9.8260845833e-02  9.8260845832e-02  9.8260843228e-02  9.833e-02  True   +
(3pi/2,2pi,2pi)  P2  -5.9595963335e-02 -5.9595963339e-02 -5.9595963339e-02 -5.9595948639e-02 -5.968e-02  True   -
(2pi,2pi,2pi)    P2  -1.4313464448e-01 -1.4313464446e-01 -1.4313464446e-01 -1.4313468254e-01 -1.429e-01  True   -
Traceback (most recent call last):
  File "/home/user/BRI0/backreaction_identifiability_0/preflight/pf4q_run.py", line 28, in <module>
    json.dump(summary, open("pf4q_results.json", "w"), indent=1)
  File "/usr/lib/python3.11/json/__init__.py", line 179, in dump
    for chunk in iterable:
  File "/usr/lib/python3.11/json/encoder.py", line 432, in _iterencode
    yield from _iterencode_dict(o, _current_indent_level)
  File "/usr/lib/python3.11/json/encoder.py", line 406, in _iterencode_dict
    yield from chunks
  File "/usr/lib/python3.11/json/encoder.py", line 406, in _iterencode_dict
    yield from chunks
  File "/usr/lib/python3.11/json/encoder.py", line 439, in _iterencode
    o = _default(o)
        ^^^^^^^^^^^
  File "/usr/lib/python3.11/json/encoder.py", line 180, in default
    raise TypeError(f'Object of type {o.__class__.__name__} '
TypeError: Object of type bool is not JSON serializable
